2026-04-29T22:05:50.410Z - Sending 200 booking requests to http://localhost:3000/api/rides with 36s delay
2026-04-29T22:05:50.768Z #1: SUCCESS - HTTP 200
Response: {
  success: true,
  ride: {
    id: 1,
    student_id: 'test-student-1',
    pickup_location: 'Pickup 1',
    pickup_lat: 21.4235,
    pickup_lng: 39.8272,
    destination_location: 'Destination 1',
    destination_lat: 21.431,
    destination_lng: 39.830999999999996,
    passengers: 1,
    fare: 6,
    requested_at: '2026-04-29T22:05:50.711Z',
    status: 'pending'
  }
}
2026-04-29T22:06:26.799Z #2: SUCCESS - HTTP 200
Response: {
  success: true,
  ride: {
    id: 2,
    student_id: 'test-student-2',
    pickup_location: 'Pickup 2',
    pickup_lat: 21.4245,
    pickup_lng: 39.8282,
    destination_location: 'Destination 2',
    destination_lat: 21.432,
    destination_lng: 39.832,
    passengers: 1,
    fare: 7,
    requested_at: '2026-04-29T22:06:26.789Z',
    status: 'pending'
  }
}
2026-04-29T22:07:02.874Z #3: SUCCESS - HTTP 200
Response: {
  success: true,
  ride: {
    id: 3,
    student_id: 'test-student-3',
    pickup_location: 'Pickup 3',
    pickup_lat: 21.4255,
    pickup_lng: 39.8292,
    destination_location: 'Destination 3',
    destination_lat: 21.433,
    destination_lng: 39.833,
    passengers: 1,
    fare: 8,
    requested_at: '2026-04-29T22:07:02.840Z',
    status: 'pending'
  }
}
2026-04-29T22:07:38.882Z #4: SUCCESS - HTTP 200
Response: {
  success: true,
  ride: {
    id: 4,
    student_id: 'test-student-4',
    pickup_location: 'Pickup 4',
    pickup_lat: 21.4265,
    pickup_lng: 39.8302,
    destination_location: 'Destination 4',
    destination_lat: 21.434,
    destination_lng: 39.833999999999996,
    passengers: 1,
    fare: 9,
    requested_at: '2026-04-29T22:07:38.881Z',
    status: 'pending'
  }
}
2026-04-29T22:08:14.895Z #5: SUCCESS - HTTP 200
Response: {
  success: true,
  ride: {
    id: 5,
    student_id: 'test-student-5',
    pickup_location: 'Pickup 5',
    pickup_lat: 21.4275,
    pickup_lng: 39.8312,
    destination_location: 'Destination 5',
    destination_lat: 21.435,
    destination_lng: 39.835,
    passengers: 1,
    fare: 10,
    requested_at: '2026-04-29T22:08:14.892Z',
    status: 'pending'
  }
}
2026-04-29T22:08:50.903Z #6: SUCCESS - HTTP 200
Response: {
  success: true,
  ride: {
    id: 6,
    student_id: 'test-student-6',
    pickup_location: 'Pickup 6',
    pickup_lat: 21.4285,
    pickup_lng: 39.8322,
    destination_location: 'Destination 6',
    destination_lat: 21.436,
    destination_lng: 39.836,
    passengers: 1,
    fare: 11,
    requested_at: '2026-04-29T22:08:50.900Z',
    status: 'pending'
  }
}
2026-04-29T22:09:26.913Z #7: SUCCESS - HTTP 200
Response: {
  success: true,
  ride: {
    id: 7,
    student_id: 'test-student-7',
    pickup_location: 'Pickup 7',
    pickup_lat: 21.4295,
    pickup_lng: 39.8332,
    destination_location: 'Destination 7',
    destination_lat: 21.437,
    destination_lng: 39.836999999999996,
    passengers: 1,
    fare: 12,
    requested_at: '2026-04-29T22:09:26.910Z',
    status: 'pending'
  }
}
2026-04-29T22:10:02.925Z #8: SUCCESS - HTTP 200
Response: {
  success: true,
  ride: {
    id: 8,
    student_id: 'test-student-8',
    pickup_location: 'Pickup 8',
    pickup_lat: 21.4305,
    pickup_lng: 39.8342,
    destination_location: 'Destination 8',
    destination_lat: 21.438,
    destination_lng: 39.838,
    passengers: 1,
    fare: 13,
    requested_at: '2026-04-29T22:10:02.922Z',
    status: 'pending'
  }
}
2026-04-29T22:10:38.937Z #9: SUCCESS - HTTP 200
Response: {
  success: true,
  ride: {
    id: 9,
    student_id: 'test-student-9',
    pickup_location: 'Pickup 9',
    pickup_lat: 21.4315,
    pickup_lng: 39.8352,
    destination_location: 'Destination 9',
    destination_lat: 21.439,
    destination_lng: 39.839,
    passengers: 1,
    fare: 14,
    requested_at: '2026-04-29T22:10:38.934Z',
    status: 'pending'
  }
}
2026-04-29T22:11:14.952Z #10: SUCCESS - HTTP 200
Response: {
  success: true,
  ride: {
    id: 10,
    student_id: 'test-student-10',
    pickup_location: 'Pickup 10',
    pickup_lat: 21.4325,
    pickup_lng: 39.8362,
    destination_location: 'Destination 10',
    destination_lat: 21.44,
    destination_lng: 39.839999999999996,
    passengers: 1,
    fare: 15,
    requested_at: '2026-04-29T22:11:14.949Z',
    status: 'pending'
  }
}
2026-04-29T22:11:50.965Z #11: SUCCESS - HTTP 200
Response: {
  success: true,
  ride: {
    id: 11,
    student_id: 'test-student-11',
    pickup_location: 'Pickup 11',
    pickup_lat: 21.4335,
    pickup_lng: 39.8372,
    destination_location: 'Destination 11',
    destination_lat: 21.441,
    destination_lng: 39.841,
    passengers: 1,
    fare: 16,
    requested_at: '2026-04-29T22:11:50.960Z',
    status: 'pending'
  }
}
2026-04-29T22:12:26.974Z #12: SUCCESS - HTTP 200
Response: {
  success: true,
  ride: {
    id: 12,
    student_id: 'test-student-12',
    pickup_location: 'Pickup 12',
    pickup_lat: 21.4345,
    pickup_lng: 39.8382,
    destination_location: 'Destination 12',
    destination_lat: 21.442,
    destination_lng: 39.842,
    passengers: 1,
    fare: 17,
    requested_at: '2026-04-29T22:12:26.971Z',
    status: 'pending'
  }
}
2026-04-29T22:13:02.984Z #13: SUCCESS - HTTP 200
Response: {
  success: true,
  ride: {
    id: 13,
    student_id: 'test-student-13',
    pickup_location: 'Pickup 13',
    pickup_lat: 21.4355,
    pickup_lng: 39.8392,
    destination_location: 'Destination 13',
    destination_lat: 21.443,
    destination_lng: 39.842999999999996,
    passengers: 1,
    fare: 18,
    requested_at: '2026-04-29T22:13:02.981Z',
    status: 'pending'
  }
}
2026-04-29T22:13:38.992Z #14: SUCCESS - HTTP 200
Response: {
  success: true,
  ride: {
    id: 14,
    student_id: 'test-student-14',
    pickup_location: 'Pickup 14',
    pickup_lat: 21.4365,
    pickup_lng: 39.8402,
    destination_location: 'Destination 14',
    destination_lat: 21.444,
    destination_lng: 39.844,
    passengers: 1,
    fare: 19,
    requested_at: '2026-04-29T22:13:38.990Z',
    status: 'pending'
  }
}
2026-04-29T22:14:14.998Z #15: SUCCESS - HTTP 200
Response: {
  success: true,
  ride: {
    id: 15,
    student_id: 'test-student-15',
    pickup_location: 'Pickup 15',
    pickup_lat: 21.4375,
    pickup_lng: 39.8412,
    destination_location: 'Destination 15',
    destination_lat: 21.445,
    destination_lng: 39.845,
    passengers: 1,
    fare: 20,
    requested_at: '2026-04-29T22:14:14.996Z',
    status: 'pending'
  }
}
2026-04-29T22:14:51.003Z #16: SUCCESS - HTTP 200
Response: {
  success: true,
  ride: {
    id: 16,
    student_id: 'test-student-16',
    pickup_location: 'Pickup 16',
    pickup_lat: 21.438499999999998,
    pickup_lng: 39.8422,
    destination_location: 'Destination 16',
    destination_lat: 21.445999999999998,
    destination_lng: 39.846,
    passengers: 1,
    fare: 21,
    requested_at: '2026-04-29T22:14:51.002Z',
    status: 'pending'
  }
}
2026-04-29T22:15:27.012Z #17: SUCCESS - HTTP 200
Response: {
  success: true,
  ride: {
    id: 17,
    student_id: 'test-student-17',
    pickup_location: 'Pickup 17',
    pickup_lat: 21.4395,
    pickup_lng: 39.8432,
    destination_location: 'Destination 17',
    destination_lat: 21.447,
    destination_lng: 39.847,
    passengers: 1,
    fare: 22,
    requested_at: '2026-04-29T22:15:27.009Z',
    status: 'pending'
  }
}
2026-04-29T22:16:03.022Z #18: SUCCESS - HTTP 200
Response: {
  success: true,
  ride: {
    id: 18,
    student_id: 'test-student-18',
    pickup_location: 'Pickup 18',
    pickup_lat: 21.4405,
    pickup_lng: 39.8442,
    destination_location: 'Destination 18',
    destination_lat: 21.448,
    destination_lng: 39.848,
    passengers: 1,
    fare: 23,
    requested_at: '2026-04-29T22:16:03.018Z',
    status: 'pending'
  }
}
2026-04-29T22:16:39.031Z #19: SUCCESS - HTTP 200
Response: {
  success: true,
  ride: {
    id: 19,
    student_id: 'test-student-19',
    pickup_location: 'Pickup 19',
    pickup_lat: 21.441499999999998,
    pickup_lng: 39.8452,
    destination_location: 'Destination 19',
    destination_lat: 21.448999999999998,
    destination_lng: 39.849,
    passengers: 1,
    fare: 24,
    requested_at: '2026-04-29T22:16:39.029Z',
    status: 'pending'
  }
}
2026-04-29T22:17:15.037Z #20: SUCCESS - HTTP 200
Response: {
  success: true,
  ride: {
    id: 20,
    student_id: 'test-student-20',
    pickup_location: 'Pickup 20',
    pickup_lat: 21.4425,
    pickup_lng: 39.8462,
    destination_location: 'Destination 20',
    destination_lat: 21.45,
    destination_lng: 39.85,
    passengers: 1,
    fare: 25,
    requested_at: '2026-04-29T22:17:15.036Z',
    status: 'pending'
  }
}
2026-04-29T22:17:51.047Z #21: SUCCESS - HTTP 200
Response: {
  success: true,
  ride: {
    id: 21,
    student_id: 'test-student-21',
    pickup_location: 'Pickup 21',
    pickup_lat: 21.4435,
    pickup_lng: 39.8472,
    destination_location: 'Destination 21',
    destination_lat: 21.451,
    destination_lng: 39.851,
    passengers: 1,
    fare: 26,
    requested_at: '2026-04-29T22:17:51.045Z',
    status: 'pending'
  }
}
2026-04-29T22:18:27.053Z #22: SUCCESS - HTTP 200
Response: {
  success: true,
  ride: {
    id: 22,
    student_id: 'test-student-22',
    pickup_location: 'Pickup 22',
    pickup_lat: 21.444499999999998,
    pickup_lng: 39.8482,
    destination_location: 'Destination 22',
    destination_lat: 21.451999999999998,
    destination_lng: 39.852,
    passengers: 1,
    fare: 27,
    requested_at: '2026-04-29T22:18:27.052Z',
    status: 'pending'
  }
}
2026-04-29T22:19:03.061Z #23: SUCCESS - HTTP 200
Response: {
  success: true,
  ride: {
    id: 23,
    student_id: 'test-student-23',
    pickup_location: 'Pickup 23',
    pickup_lat: 21.4455,
    pickup_lng: 39.8492,
    destination_location: 'Destination 23',
    destination_lat: 21.453,
    destination_lng: 39.853,
    passengers: 1,
    fare: 28,
    requested_at: '2026-04-29T22:19:03.059Z',
    status: 'pending'
  }
}
2026-04-29T22:19:39.067Z #24: SUCCESS - HTTP 200
Response: {
  success: true,
  ride: {
    id: 24,
    student_id: 'test-student-24',
    pickup_location: 'Pickup 24',
    pickup_lat: 21.4465,
    pickup_lng: 39.8502,
    destination_location: 'Destination 24',
    destination_lat: 21.454,
    destination_lng: 39.854,
    passengers: 1,
    fare: 29,
    requested_at: '2026-04-29T22:19:39.065Z',
    status: 'pending'
  }
}
2026-04-29T22:20:15.072Z #25: SUCCESS - HTTP 200
Response: {
  success: true,
  ride: {
    id: 25,
    student_id: 'test-student-25',
    pickup_location: 'Pickup 25',
    pickup_lat: 21.447499999999998,
    pickup_lng: 39.8512,
    destination_location: 'Destination 25',
    destination_lat: 21.455,
    destination_lng: 39.855,
    passengers: 1,
    fare: 30,
    requested_at: '2026-04-29T22:20:15.071Z',
    status: 'pending'
  }
}
2026-04-29T22:20:51.079Z #26: SUCCESS - HTTP 200
Response: {
  success: true,
  ride: {
    id: 26,
    student_id: 'test-student-26',
    pickup_location: 'Pickup 26',
    pickup_lat: 21.4485,
    pickup_lng: 39.8522,
    destination_location: 'Destination 26',
    destination_lat: 21.456,
    destination_lng: 39.856,
    passengers: 1,
    fare: 31,
    requested_at: '2026-04-29T22:20:51.078Z',
    status: 'pending'
  }
}
2026-04-29T22:21:27.086Z #27: SUCCESS - HTTP 200
Response: {
  success: true,
  ride: {
    id: 27,
    student_id: 'test-student-27',
    pickup_location: 'Pickup 27',
    pickup_lat: 21.4495,
    pickup_lng: 39.8532,
    destination_location: 'Destination 27',
    destination_lat: 21.457,
    destination_lng: 39.857,
    passengers: 1,
    fare: 32,
    requested_at: '2026-04-29T22:21:27.085Z',
    status: 'pending'
  }
}
2026-04-29T22:22:03.093Z #28: SUCCESS - HTTP 200
Response: {
  success: true,
  ride: {
    id: 28,
    student_id: 'test-student-28',
    pickup_location: 'Pickup 28',
    pickup_lat: 21.450499999999998,
    pickup_lng: 39.8542,
    destination_location: 'Destination 28',
    destination_lat: 21.458,
    destination_lng: 39.858,
    passengers: 1,
    fare: 33,
    requested_at: '2026-04-29T22:22:03.092Z',
    status: 'pending'
  }
}
2026-04-29T22:22:39.100Z #29: SUCCESS - HTTP 200
Response: {
  success: true,
  ride: {
    id: 29,
    student_id: 'test-student-29',
    pickup_location: 'Pickup 29',
    pickup_lat: 21.4515,
    pickup_lng: 39.8552,
    destination_location: 'Destination 29',
    destination_lat: 21.459,
    destination_lng: 39.859,
    passengers: 1,
    fare: 34,
    requested_at: '2026-04-29T22:22:39.099Z',
    status: 'pending'
  }
}
2026-04-29T22:23:15.109Z #30: SUCCESS - HTTP 200
Response: {
  success: true,
  ride: {
    id: 30,
    student_id: 'test-student-30',
    pickup_location: 'Pickup 30',
    pickup_lat: 21.4525,
    pickup_lng: 39.8562,
    destination_location: 'Destination 30',
    destination_lat: 21.46,
    destination_lng: 39.86,
    passengers: 1,
    fare: 35,
    requested_at: '2026-04-29T22:23:15.107Z',
    status: 'pending'
  }
}
2026-04-29T22:23:51.117Z #31: SUCCESS - HTTP 200
Response: {
  success: true,
  ride: {
    id: 31,
    student_id: 'test-student-31',
    pickup_location: 'Pickup 31',
    pickup_lat: 21.4535,
    pickup_lng: 39.8572,
    destination_location: 'Destination 31',
    destination_lat: 21.461,
    destination_lng: 39.861,
    passengers: 1,
    fare: 36,
    requested_at: '2026-04-29T22:23:51.116Z',
    status: 'pending'
  }
}
2026-04-29T22:24:27.125Z #32: SUCCESS - HTTP 200
Response: {
  success: true,
  ride: {
    id: 32,
    student_id: 'test-student-32',
    pickup_location: 'Pickup 32',
    pickup_lat: 21.4545,
    pickup_lng: 39.8582,
    destination_location: 'Destination 32',
    destination_lat: 21.462,
    destination_lng: 39.861999999999995,
    passengers: 1,
    fare: 37,
    requested_at: '2026-04-29T22:24:27.123Z',
    status: 'pending'
  }
}
2026-04-29T22:25:03.134Z #33: SUCCESS - HTTP 200
Response: {
  success: true,
  ride: {
    id: 33,
    student_id: 'test-student-33',
    pickup_location: 'Pickup 33',
    pickup_lat: 21.4555,
    pickup_lng: 39.8592,
    destination_location: 'Destination 33',
    destination_lat: 21.463,
    destination_lng: 39.863,
    passengers: 1,
    fare: 38,
    requested_at: '2026-04-29T22:25:03.132Z',
    status: 'pending'
  }
}
2026-04-29T22:25:39.143Z #34: SUCCESS - HTTP 200
Response: {
  success: true,
  ride: {
    id: 34,
    student_id: 'test-student-34',
    pickup_location: 'Pickup 34',
    pickup_lat: 21.4565,
    pickup_lng: 39.8602,
    destination_location: 'Destination 34',
    destination_lat: 21.464,
    destination_lng: 39.864,
    passengers: 1,
    fare: 39,
    requested_at: '2026-04-29T22:25:39.141Z',
    status: 'pending'
  }
}
2026-04-29T22:26:15.151Z #35: SUCCESS - HTTP 200
Response: {
  success: true,
  ride: {
    id: 35,
    student_id: 'test-student-35',
    pickup_location: 'Pickup 35',
    pickup_lat: 21.4575,
    pickup_lng: 39.8612,
    destination_location: 'Destination 35',
    destination_lat: 21.465,
    destination_lng: 39.864999999999995,
    passengers: 1,
    fare: 40,
    requested_at: '2026-04-29T22:26:15.150Z',
    status: 'pending'
  }
}
2026-04-29T22:26:51.159Z #36: SUCCESS - HTTP 200
Response: {
  success: true,
  ride: {
    id: 36,
    student_id: 'test-student-36',
    pickup_location: 'Pickup 36',
    pickup_lat: 21.4585,
    pickup_lng: 39.8622,
    destination_location: 'Destination 36',
    destination_lat: 21.466,
    destination_lng: 39.866,
    passengers: 1,
    fare: 41,
    requested_at: '2026-04-29T22:26:51.158Z',
    status: 'pending'
  }
}
2026-04-29T22:27:27.167Z #37: SUCCESS - HTTP 200
Response: {
  success: true,
  ride: {
    id: 37,
    student_id: 'test-student-37',
    pickup_location: 'Pickup 37',
    pickup_lat: 21.4595,
    pickup_lng: 39.8632,
    destination_location: 'Destination 37',
    destination_lat: 21.467,
    destination_lng: 39.867,
    passengers: 1,
    fare: 42,
    requested_at: '2026-04-29T22:27:27.165Z',
    status: 'pending'
  }
}
2026-04-29T22:28:03.172Z #38: SUCCESS - HTTP 200
Response: {
  success: true,
  ride: {
    id: 38,
    student_id: 'test-student-38',
    pickup_location: 'Pickup 38',
    pickup_lat: 21.4605,
    pickup_lng: 39.8642,
    destination_location: 'Destination 38',
    destination_lat: 21.468,
    destination_lng: 39.867999999999995,
    passengers: 1,
    fare: 43,
    requested_at: '2026-04-29T22:28:03.171Z',
    status: 'pending'
  }
}
2026-04-29T22:28:39.178Z #39: SUCCESS - HTTP 200
Response: {
  success: true,
  ride: {
    id: 39,
    student_id: 'test-student-39',
    pickup_location: 'Pickup 39',
    pickup_lat: 21.4615,
    pickup_lng: 39.8652,
    destination_location: 'Destination 39',
    destination_lat: 21.469,
    destination_lng: 39.869,
    passengers: 1,
    fare: 44,
    requested_at: '2026-04-29T22:28:39.177Z',
    status: 'pending'
  }
}
2026-04-29T22:29:15.186Z #40: SUCCESS - HTTP 200
Response: {
  success: true,
  ride: {
    id: 40,
    student_id: 'test-student-40',
    pickup_location: 'Pickup 40',
    pickup_lat: 21.4625,
    pickup_lng: 39.8662,
    destination_location: 'Destination 40',
    destination_lat: 21.47,
    destination_lng: 39.87,
    passengers: 1,
    fare: 45,
    requested_at: '2026-04-29T22:29:15.184Z',
    status: 'pending'
  }
}
2026-04-29T22:29:51.194Z #41: SUCCESS - HTTP 200
Response: {
  success: true,
  ride: {
    id: 41,
    student_id: 'test-student-41',
    pickup_location: 'Pickup 41',
    pickup_lat: 21.4635,
    pickup_lng: 39.8672,
    destination_location: 'Destination 41',
    destination_lat: 21.471,
    destination_lng: 39.870999999999995,
    passengers: 1,
    fare: 46,
    requested_at: '2026-04-29T22:29:51.192Z',
    status: 'pending'
  }
}
2026-04-29T22:30:27.200Z #42: SUCCESS - HTTP 200
Response: {
  success: true,
  ride: {
    id: 42,
    student_id: 'test-student-42',
    pickup_location: 'Pickup 42',
    pickup_lat: 21.4645,
    pickup_lng: 39.8682,
    destination_location: 'Destination 42',
    destination_lat: 21.472,
    destination_lng: 39.872,
    passengers: 1,
    fare: 47,
    requested_at: '2026-04-29T22:30:27.199Z',
    status: 'pending'
  }
}
2026-04-29T22:31:03.210Z #43: SUCCESS - HTTP 200
Response: {
  success: true,
  ride: {
    id: 43,
    student_id: 'test-student-43',
    pickup_location: 'Pickup 43',
    pickup_lat: 21.4655,
    pickup_lng: 39.8692,
    destination_location: 'Destination 43',
    destination_lat: 21.473,
    destination_lng: 39.873,
    passengers: 1,
    fare: 48,
    requested_at: '2026-04-29T22:31:03.208Z',
    status: 'pending'
  }
}
2026-04-29T22:31:39.218Z #44: SUCCESS - HTTP 200
Response: {
  success: true,
  ride: {
    id: 44,
    student_id: 'test-student-44',
    pickup_location: 'Pickup 44',
    pickup_lat: 21.4665,
    pickup_lng: 39.8702,
    destination_location: 'Destination 44',
    destination_lat: 21.474,
    destination_lng: 39.873999999999995,
    passengers: 1,
    fare: 49,
    requested_at: '2026-04-29T22:31:39.217Z',
    status: 'pending'
  }
}
2026-04-29T22:32:15.228Z #45: SUCCESS - HTTP 200
Response: {
  success: true,
  ride: {
    id: 45,
    student_id: 'test-student-45',
    pickup_location: 'Pickup 45',
    pickup_lat: 21.4675,
    pickup_lng: 39.8712,
    destination_location: 'Destination 45',
    destination_lat: 21.475,
    destination_lng: 39.875,
    passengers: 1,
    fare: 50,
    requested_at: '2026-04-29T22:32:15.225Z',
    status: 'pending'
  }
}
2026-04-29T22:32:51.237Z #46: SUCCESS - HTTP 200
Response: {
  success: true,
  ride: {
    id: 46,
    student_id: 'test-student-46',
    pickup_location: 'Pickup 46',
    pickup_lat: 21.4685,
    pickup_lng: 39.8722,
    destination_location: 'Destination 46',
    destination_lat: 21.476,
    destination_lng: 39.876,
    passengers: 1,
    fare: 51,
    requested_at: '2026-04-29T22:32:51.235Z',
    status: 'pending'
  }
}
2026-04-29T22:33:27.247Z #47: SUCCESS - HTTP 200
Response: {
  success: true,
  ride: {
    id: 47,
    student_id: 'test-student-47',
    pickup_location: 'Pickup 47',
    pickup_lat: 21.4695,
    pickup_lng: 39.8732,
    destination_location: 'Destination 47',
    destination_lat: 21.477,
    destination_lng: 39.876999999999995,
    passengers: 1,
    fare: 52,
    requested_at: '2026-04-29T22:33:27.245Z',
    status: 'pending'
  }
}
2026-04-29T22:34:03.254Z #48: SUCCESS - HTTP 200
Response: {
  success: true,
  ride: {
    id: 48,
    student_id: 'test-student-48',
    pickup_location: 'Pickup 48',
    pickup_lat: 21.470499999999998,
    pickup_lng: 39.8742,
    destination_location: 'Destination 48',
    destination_lat: 21.477999999999998,
    destination_lng: 39.878,
    passengers: 1,
    fare: 53,
    requested_at: '2026-04-29T22:34:03.253Z',
    status: 'pending'
  }
}
2026-04-29T22:34:39.263Z #49: SUCCESS - HTTP 200
Response: {
  success: true,
  ride: {
    id: 49,
    student_id: 'test-student-49',
    pickup_location: 'Pickup 49',
    pickup_lat: 21.4715,
    pickup_lng: 39.8752,
    destination_location: 'Destination 49',
    destination_lat: 21.479,
    destination_lng: 39.879,
    passengers: 1,
    fare: 54,
    requested_at: '2026-04-29T22:34:39.261Z',
    status: 'pending'
  }
}
2026-04-29T22:35:15.272Z #50: SUCCESS - HTTP 200
Response: {
  success: true,
  ride: {
    id: 50,
    student_id: 'test-student-50',
    pickup_location: 'Pickup 50',
    pickup_lat: 21.4725,
    pickup_lng: 39.8762,
    destination_location: 'Destination 50',
    destination_lat: 21.48,
    destination_lng: 39.879999999999995,
    passengers: 1,
    fare: 55,
    requested_at: '2026-04-29T22:35:15.270Z',
    status: 'pending'
  }
}
2026-04-29T22:35:51.281Z #51: SUCCESS - HTTP 200
Response: {
  success: true,
  ride: {
    id: 51,
    student_id: 'test-student-51',
    pickup_location: 'Pickup 51',
    pickup_lat: 21.473499999999998,
    pickup_lng: 39.8772,
    destination_location: 'Destination 51',
    destination_lat: 21.480999999999998,
    destination_lng: 39.881,
    passengers: 1,
    fare: 56,
    requested_at: '2026-04-29T22:35:51.279Z',
    status: 'pending'
  }
}
2026-04-29T22:36:27.289Z #52: SUCCESS - HTTP 200
Response: {
  success: true,
  ride: {
    id: 52,
    student_id: 'test-student-52',
    pickup_location: 'Pickup 52',
    pickup_lat: 21.4745,
    pickup_lng: 39.8782,
    destination_location: 'Destination 52',
    destination_lat: 21.482,
    destination_lng: 39.882,
    passengers: 1,
    fare: 57,
    requested_at: '2026-04-29T22:36:27.287Z',
    status: 'pending'
  }
}
2026-04-29T22:37:03.296Z #53: SUCCESS - HTTP 200
Response: {
  success: true,
  ride: {
    id: 53,
    student_id: 'test-student-53',
    pickup_location: 'Pickup 53',
    pickup_lat: 21.4755,
    pickup_lng: 39.8792,
    destination_location: 'Destination 53',
    destination_lat: 21.483,
    destination_lng: 39.882999999999996,
    passengers: 1,
    fare: 58,
    requested_at: '2026-04-29T22:37:03.294Z',
    status: 'pending'
  }
}
2026-04-29T22:37:39.304Z #54: SUCCESS - HTTP 200
Response: {
  success: true,
  ride: {
    id: 54,
    student_id: 'test-student-54',
    pickup_location: 'Pickup 54',
    pickup_lat: 21.476499999999998,
    pickup_lng: 39.8802,
    destination_location: 'Destination 54',
    destination_lat: 21.483999999999998,
    destination_lng: 39.884,
    passengers: 1,
    fare: 59,
    requested_at: '2026-04-29T22:37:39.302Z',
    status: 'pending'
  }
}
2026-04-29T22:38:15.309Z #55: SUCCESS - HTTP 200
Response: {
  success: true,
  ride: {
    id: 55,
    student_id: 'test-student-55',
    pickup_location: 'Pickup 55',
    pickup_lat: 21.4775,
    pickup_lng: 39.8812,
    destination_location: 'Destination 55',
    destination_lat: 21.485,
    destination_lng: 39.885,
    passengers: 1,
    fare: 60,
    requested_at: '2026-04-29T22:38:15.308Z',
    status: 'pending'
  }
}
2026-04-29T22:38:51.314Z #56: SUCCESS - HTTP 200
Response: {
  success: true,
  ride: {
    id: 56,
    student_id: 'test-student-56',
    pickup_location: 'Pickup 56',
    pickup_lat: 21.4785,
    pickup_lng: 39.8822,
    destination_location: 'Destination 56',
    destination_lat: 21.486,
    destination_lng: 39.885999999999996,
    passengers: 1,
    fare: 61,
    requested_at: '2026-04-29T22:38:51.313Z',
    status: 'pending'
  }
}
2026-04-29T22:39:27.323Z #57: SUCCESS - HTTP 200
Response: {
  success: true,
  ride: {
    id: 57,
    student_id: 'test-student-57',
    pickup_location: 'Pickup 57',
    pickup_lat: 21.479499999999998,
    pickup_lng: 39.8832,
    destination_location: 'Destination 57',
    destination_lat: 21.487,
    destination_lng: 39.887,
    passengers: 1,
    fare: 62,
    requested_at: '2026-04-29T22:39:27.321Z',
    status: 'pending'
  }
}
2026-04-29T22:40:03.333Z #58: SUCCESS - HTTP 200
Response: {
  success: true,
  ride: {
    id: 58,
    student_id: 'test-student-58',
    pickup_location: 'Pickup 58',
    pickup_lat: 21.4805,
    pickup_lng: 39.8842,
    destination_location: 'Destination 58',
    destination_lat: 21.488,
    destination_lng: 39.888,
    passengers: 1,
    fare: 63,
    requested_at: '2026-04-29T22:40:03.331Z',
    status: 'pending'
  }
}
2026-04-29T22:40:39.340Z #59: SUCCESS - HTTP 200
Response: {
  success: true,
  ride: {
    id: 59,
    student_id: 'test-student-59',
    pickup_location: 'Pickup 59',
    pickup_lat: 21.4815,
    pickup_lng: 39.8852,
    destination_location: 'Destination 59',
    destination_lat: 21.489,
    destination_lng: 39.888999999999996,
    passengers: 1,
    fare: 64,
    requested_at: '2026-04-29T22:40:39.339Z',
    status: 'pending'
  }
}
2026-04-29T22:41:15.347Z #60: SUCCESS - HTTP 200
Response: {
  success: true,
  ride: {
    id: 60,
    student_id: 'test-student-60',
    pickup_location: 'Pickup 60',
    pickup_lat: 21.482499999999998,
    pickup_lng: 39.8862,
    destination_location: 'Destination 60',
    destination_lat: 21.49,
    destination_lng: 39.89,
    passengers: 1,
    fare: 65,
    requested_at: '2026-04-29T22:41:15.346Z',
    status: 'pending'
  }
}
2026-04-29T22:41:51.355Z #61: SUCCESS - HTTP 200
Response: {
  success: true,
  ride: {
    id: 61,
    student_id: 'test-student-61',
    pickup_location: 'Pickup 61',
    pickup_lat: 21.4835,
    pickup_lng: 39.8872,
    destination_location: 'Destination 61',
    destination_lat: 21.491,
    destination_lng: 39.891,
    passengers: 1,
    fare: 66,
    requested_at: '2026-04-29T22:41:51.354Z',
    status: 'pending'
  }
}
2026-04-29T22:42:27.361Z #62: SUCCESS - HTTP 200
Response: {
  success: true,
  ride: {
    id: 62,
    student_id: 'test-student-62',
    pickup_location: 'Pickup 62',
    pickup_lat: 21.4845,
    pickup_lng: 39.8882,
    destination_location: 'Destination 62',
    destination_lat: 21.492,
    destination_lng: 39.891999999999996,
    passengers: 1,
    fare: 67,
    requested_at: '2026-04-29T22:42:27.359Z',
    status: 'pending'
  }
}
2026-04-29T22:43:03.369Z #63: SUCCESS - HTTP 200
Response: {
  success: true,
  ride: {
    id: 63,
    student_id: 'test-student-63',
    pickup_location: 'Pickup 63',
    pickup_lat: 21.4855,
    pickup_lng: 39.8892,
    destination_location: 'Destination 63',
    destination_lat: 21.493,
    destination_lng: 39.893,
    passengers: 1,
    fare: 68,
    requested_at: '2026-04-29T22:43:03.367Z',
    status: 'pending'
  }
}
2026-04-29T22:43:39.376Z #64: SUCCESS - HTTP 200
Response: {
  success: true,
  ride: {
    id: 64,
    student_id: 'test-student-64',
    pickup_location: 'Pickup 64',
    pickup_lat: 21.4865,
    pickup_lng: 39.8902,
    destination_location: 'Destination 64',
    destination_lat: 21.494,
    destination_lng: 39.894,
    passengers: 1,
    fare: 69,
    requested_at: '2026-04-29T22:43:39.375Z',
    status: 'pending'
  }
}
2026-04-29T22:44:15.382Z #65: SUCCESS - HTTP 200
Response: {
  success: true,
  ride: {
    id: 65,
    student_id: 'test-student-65',
    pickup_location: 'Pickup 65',
    pickup_lat: 21.4875,
    pickup_lng: 39.8912,
    destination_location: 'Destination 65',
    destination_lat: 21.495,
    destination_lng: 39.894999999999996,
    passengers: 1,
    fare: 70,
    requested_at: '2026-04-29T22:44:15.381Z',
    status: 'pending'
  }
}
2026-04-29T22:44:51.391Z #66: SUCCESS - HTTP 200
Response: {
  success: true,
  ride: {
    id: 66,
    student_id: 'test-student-66',
    pickup_location: 'Pickup 66',
    pickup_lat: 21.4885,
    pickup_lng: 39.8922,
    destination_location: 'Destination 66',
    destination_lat: 21.496,
    destination_lng: 39.896,
    passengers: 1,
    fare: 71,
    requested_at: '2026-04-29T22:44:51.389Z',
    status: 'pending'
  }
}
2026-04-29T22:45:27.399Z #67: SUCCESS - HTTP 200
Response: {
  success: true,
  ride: {
    id: 67,
    student_id: 'test-student-67',
    pickup_location: 'Pickup 67',
    pickup_lat: 21.4895,
    pickup_lng: 39.8932,
    destination_location: 'Destination 67',
    destination_lat: 21.497,
    destination_lng: 39.897,
    passengers: 1,
    fare: 72,
    requested_at: '2026-04-29T22:45:27.398Z',
    status: 'pending'
  }
}
2026-04-29T22:46:03.407Z #68: SUCCESS - HTTP 200
Response: {
  success: true,
  ride: {
    id: 68,
    student_id: 'test-student-68',
    pickup_location: 'Pickup 68',
    pickup_lat: 21.4905,
    pickup_lng: 39.8942,
    destination_location: 'Destination 68',
    destination_lat: 21.498,
    destination_lng: 39.897999999999996,
    passengers: 1,
    fare: 73,
    requested_at: '2026-04-29T22:46:03.406Z',
    status: 'pending'
  }
}
2026-04-29T22:46:39.415Z #69: SUCCESS - HTTP 200
Response: {
  success: true,
  ride: {
    id: 69,
    student_id: 'test-student-69',
    pickup_location: 'Pickup 69',
    pickup_lat: 21.4915,
    pickup_lng: 39.8952,
    destination_location: 'Destination 69',
    destination_lat: 21.499,
    destination_lng: 39.899,
    passengers: 1,
    fare: 74,
    requested_at: '2026-04-29T22:46:39.413Z',
    status: 'pending'
  }
}
2026-04-29T22:47:15.421Z #70: SUCCESS - HTTP 200
Response: {
  success: true,
  ride: {
    id: 70,
    student_id: 'test-student-70',
    pickup_location: 'Pickup 70',
    pickup_lat: 21.4925,
    pickup_lng: 39.8962,
    destination_location: 'Destination 70',
    destination_lat: 21.5,
    destination_lng: 39.9,
    passengers: 1,
    fare: 75,
    requested_at: '2026-04-29T22:47:15.420Z',
    status: 'pending'
  }
}
2026-04-29T22:47:51.429Z #71: SUCCESS - HTTP 200
Response: {
  success: true,
  ride: {
    id: 71,
    student_id: 'test-student-71',
    pickup_location: 'Pickup 71',
    pickup_lat: 21.4935,
    pickup_lng: 39.8972,
    destination_location: 'Destination 71',
    destination_lat: 21.501,
    destination_lng: 39.900999999999996,
    passengers: 1,
    fare: 76,
    requested_at: '2026-04-29T22:47:51.427Z',
    status: 'pending'
  }
}
2026-04-29T22:48:27.437Z #72: SUCCESS - HTTP 200
Response: {
  success: true,
  ride: {
    id: 72,
    student_id: 'test-student-72',
    pickup_location: 'Pickup 72',
    pickup_lat: 21.4945,
    pickup_lng: 39.8982,
    destination_location: 'Destination 72',
    destination_lat: 21.502,
    destination_lng: 39.902,
    passengers: 1,
    fare: 77,
    requested_at: '2026-04-29T22:48:27.435Z',
    status: 'pending'
  }
}
2026-04-29T22:49:03.445Z #73: SUCCESS - HTTP 200
Response: {
  success: true,
  ride: {
    id: 73,
    student_id: 'test-student-73',
    pickup_location: 'Pickup 73',
    pickup_lat: 21.4955,
    pickup_lng: 39.8992,
    destination_location: 'Destination 73',
    destination_lat: 21.503,
    destination_lng: 39.903,
    passengers: 1,
    fare: 78,
    requested_at: '2026-04-29T22:49:03.444Z',
    status: 'pending'
  }
}
2026-04-29T22:49:39.454Z #74: SUCCESS - HTTP 200
Response: {
  success: true,
  ride: {
    id: 74,
    student_id: 'test-student-74',
    pickup_location: 'Pickup 74',
    pickup_lat: 21.4965,
    pickup_lng: 39.9002,
    destination_location: 'Destination 74',
    destination_lat: 21.504,
    destination_lng: 39.903999999999996,
    passengers: 1,
    fare: 79,
    requested_at: '2026-04-29T22:49:39.452Z',
    status: 'pending'
  }
}
2026-04-29T22:50:15.461Z #75: SUCCESS - HTTP 200
Response: {
  success: true,
  ride: {
    id: 75,
    student_id: 'test-student-75',
    pickup_location: 'Pickup 75',
    pickup_lat: 21.4975,
    pickup_lng: 39.9012,
    destination_location: 'Destination 75',
    destination_lat: 21.505,
    destination_lng: 39.905,
    passengers: 1,
    fare: 80,
    requested_at: '2026-04-29T22:50:15.459Z',
    status: 'pending'
  }
}
2026-04-29T22:50:51.470Z #76: SUCCESS - HTTP 200
Response: {
  success: true,
  ride: {
    id: 76,
    student_id: 'test-student-76',
    pickup_location: 'Pickup 76',
    pickup_lat: 21.4985,
    pickup_lng: 39.9022,
    destination_location: 'Destination 76',
    destination_lat: 21.506,
    destination_lng: 39.906,
    passengers: 1,
    fare: 81,
    requested_at: '2026-04-29T22:50:51.468Z',
    status: 'pending'
  }
}
2026-04-29T22:51:27.478Z #77: SUCCESS - HTTP 200
Response: {
  success: true,
  ride: {
    id: 77,
    student_id: 'test-student-77',
    pickup_location: 'Pickup 77',
    pickup_lat: 21.4995,
    pickup_lng: 39.9032,
    destination_location: 'Destination 77',
    destination_lat: 21.507,
    destination_lng: 39.907,
    passengers: 1,
    fare: 82,
    requested_at: '2026-04-29T22:51:27.476Z',
    status: 'pending'
  }
}
2026-04-29T22:52:03.487Z #78: SUCCESS - HTTP 200
Response: {
  success: true,
  ride: {
    id: 78,
    student_id: 'test-student-78',
    pickup_location: 'Pickup 78',
    pickup_lat: 21.5005,
    pickup_lng: 39.9042,
    destination_location: 'Destination 78',
    destination_lat: 21.508,
    destination_lng: 39.908,
    passengers: 1,
    fare: 83,
    requested_at: '2026-04-29T22:52:03.485Z',
    status: 'pending'
  }
}
2026-04-29T22:52:39.496Z #79: SUCCESS - HTTP 200
Response: {
  success: true,
  ride: {
    id: 79,
    student_id: 'test-student-79',
    pickup_location: 'Pickup 79',
    pickup_lat: 21.5015,
    pickup_lng: 39.9052,
    destination_location: 'Destination 79',
    destination_lat: 21.509,
    destination_lng: 39.909,
    passengers: 1,
    fare: 84,
    requested_at: '2026-04-29T22:52:39.494Z',
    status: 'pending'
  }
}
2026-04-29T22:53:15.503Z #80: SUCCESS - HTTP 200
Response: {
  success: true,
  ride: {
    id: 80,
    student_id: 'test-student-80',
    pickup_location: 'Pickup 80',
    pickup_lat: 21.502499999999998,
    pickup_lng: 39.9062,
    destination_location: 'Destination 80',
    destination_lat: 21.509999999999998,
    destination_lng: 39.91,
    passengers: 1,
    fare: 85,
    requested_at: '2026-04-29T22:53:15.501Z',
    status: 'pending'
  }
}
2026-04-29T22:53:51.513Z #81: SUCCESS - HTTP 200
Response: {
  success: true,
  ride: {
    id: 81,
    student_id: 'test-student-81',
    pickup_location: 'Pickup 81',
    pickup_lat: 21.5035,
    pickup_lng: 39.9072,
    destination_location: 'Destination 81',
    destination_lat: 21.511,
    destination_lng: 39.911,
    passengers: 1,
    fare: 86,
    requested_at: '2026-04-29T22:53:51.511Z',
    status: 'pending'
  }
}
2026-04-29T22:54:27.521Z #82: SUCCESS - HTTP 200
Response: {
  success: true,
  ride: {
    id: 82,
    student_id: 'test-student-82',
    pickup_location: 'Pickup 82',
    pickup_lat: 21.5045,
    pickup_lng: 39.9082,
    destination_location: 'Destination 82',
    destination_lat: 21.512,
    destination_lng: 39.912,
    passengers: 1,
    fare: 87,
    requested_at: '2026-04-29T22:54:27.520Z',
    status: 'pending'
  }
}
2026-04-29T22:55:03.529Z #83: SUCCESS - HTTP 200
Response: {
  success: true,
  ride: {
    id: 83,
    student_id: 'test-student-83',
    pickup_location: 'Pickup 83',
    pickup_lat: 21.505499999999998,
    pickup_lng: 39.9092,
    destination_location: 'Destination 83',
    destination_lat: 21.512999999999998,
    destination_lng: 39.913,
    passengers: 1,
    fare: 88,
    requested_at: '2026-04-29T22:55:03.527Z',
    status: 'pending'
  }
}
2026-04-29T22:55:39.538Z #84: SUCCESS - HTTP 200
Response: {
  success: true,
  ride: {
    id: 84,
    student_id: 'test-student-84',
    pickup_location: 'Pickup 84',
    pickup_lat: 21.5065,
    pickup_lng: 39.9102,
    destination_location: 'Destination 84',
    destination_lat: 21.514,
    destination_lng: 39.914,
    passengers: 1,
    fare: 89,
    requested_at: '2026-04-29T22:55:39.536Z',
    status: 'pending'
  }
}
2026-04-29T22:56:15.547Z #85: SUCCESS - HTTP 200
Response: {
  success: true,
  ride: {
    id: 85,
    student_id: 'test-student-85',
    pickup_location: 'Pickup 85',
    pickup_lat: 21.5075,
    pickup_lng: 39.9112,
    destination_location: 'Destination 85',
    destination_lat: 21.515,
    destination_lng: 39.915,
    passengers: 1,
    fare: 90,
    requested_at: '2026-04-29T22:56:15.544Z',
    status: 'pending'
  }
}
2026-04-29T22:56:51.555Z #86: SUCCESS - HTTP 200
Response: {
  success: true,
  ride: {
    id: 86,
    student_id: 'test-student-86',
    pickup_location: 'Pickup 86',
    pickup_lat: 21.508499999999998,
    pickup_lng: 39.9122,
    destination_location: 'Destination 86',
    destination_lat: 21.516,
    destination_lng: 39.916,
    passengers: 1,
    fare: 91,
    requested_at: '2026-04-29T22:56:51.554Z',
    status: 'pending'
  }
}
2026-04-29T22:57:27.563Z #87: SUCCESS - HTTP 200
Response: {
  success: true,
  ride: {
    id: 87,
    student_id: 'test-student-87',
    pickup_location: 'Pickup 87',
    pickup_lat: 21.5095,
    pickup_lng: 39.9132,
    destination_location: 'Destination 87',
    destination_lat: 21.517,
    destination_lng: 39.917,
    passengers: 1,
    fare: 92,
    requested_at: '2026-04-29T22:57:27.562Z',
    status: 'pending'
  }
}
2026-04-29T22:58:03.571Z #88: SUCCESS - HTTP 200
Response: {
  success: true,
  ride: {
    id: 88,
    student_id: 'test-student-88',
    pickup_location: 'Pickup 88',
    pickup_lat: 21.5105,
    pickup_lng: 39.9142,
    destination_location: 'Destination 88',
    destination_lat: 21.518,
    destination_lng: 39.918,
    passengers: 1,
    fare: 93,
    requested_at: '2026-04-29T22:58:03.570Z',
    status: 'pending'
  }
}
2026-04-29T22:58:39.578Z #89: SUCCESS - HTTP 200
Response: {
  success: true,
  ride: {
    id: 89,
    student_id: 'test-student-89',
    pickup_location: 'Pickup 89',
    pickup_lat: 21.511499999999998,
    pickup_lng: 39.9152,
    destination_location: 'Destination 89',
    destination_lat: 21.519,
    destination_lng: 39.919,
    passengers: 1,
    fare: 94,
    requested_at: '2026-04-29T22:58:39.577Z',
    status: 'pending'
  }
}
2026-04-29T22:59:15.586Z #90: SUCCESS - HTTP 200
Response: {
  success: true,
  ride: {
    id: 90,
    student_id: 'test-student-90',
    pickup_location: 'Pickup 90',
    pickup_lat: 21.5125,
    pickup_lng: 39.9162,
    destination_location: 'Destination 90',
    destination_lat: 21.52,
    destination_lng: 39.92,
    passengers: 1,
    fare: 95,
    requested_at: '2026-04-29T22:59:15.585Z',
    status: 'pending'
  }
}
2026-04-29T22:59:51.593Z #91: SUCCESS - HTTP 200
Response: {
  success: true,
  ride: {
    id: 91,
    student_id: 'test-student-91',
    pickup_location: 'Pickup 91',
    pickup_lat: 21.5135,
    pickup_lng: 39.9172,
    destination_location: 'Destination 91',
    destination_lat: 21.521,
    destination_lng: 39.921,
    passengers: 1,
    fare: 96,
    requested_at: '2026-04-29T22:59:51.592Z',
    status: 'pending'
  }
}
2026-04-29T23:00:27.601Z #92: SUCCESS - HTTP 200
Response: {
  success: true,
  ride: {
    id: 92,
    student_id: 'test-student-92',
    pickup_location: 'Pickup 92',
    pickup_lat: 21.514499999999998,
    pickup_lng: 39.9182,
    destination_location: 'Destination 92',
    destination_lat: 21.522,
    destination_lng: 39.922,
    passengers: 1,
    fare: 97,
    requested_at: '2026-04-29T23:00:27.599Z',
    status: 'pending'
  }
}
2026-04-29T23:01:03.610Z #93: SUCCESS - HTTP 200
Response: {
  success: true,
  ride: {
    id: 93,
    student_id: 'test-student-93',
    pickup_location: 'Pickup 93',
    pickup_lat: 21.5155,
    pickup_lng: 39.919200000000004,
    destination_location: 'Destination 93',
    destination_lat: 21.523,
    destination_lng: 39.923,
    passengers: 1,
    fare: 98,
    requested_at: '2026-04-29T23:01:03.608Z',
    status: 'pending'
  }
}
2026-04-29T23:01:39.619Z #94: SUCCESS - HTTP 200
Response: {
  success: true,
  ride: {
    id: 94,
    student_id: 'test-student-94',
    pickup_location: 'Pickup 94',
    pickup_lat: 21.5165,
    pickup_lng: 39.9202,
    destination_location: 'Destination 94',
    destination_lat: 21.524,
    destination_lng: 39.924,
    passengers: 1,
    fare: 99,
    requested_at: '2026-04-29T23:01:39.617Z',
    status: 'pending'
  }
}
2026-04-29T23:02:15.626Z #95: SUCCESS - HTTP 200
Response: {
  success: true,
  ride: {
    id: 95,
    student_id: 'test-student-95',
    pickup_location: 'Pickup 95',
    pickup_lat: 21.5175,
    pickup_lng: 39.9212,
    destination_location: 'Destination 95',
    destination_lat: 21.525,
    destination_lng: 39.925,
    passengers: 1,
    fare: 100,
    requested_at: '2026-04-29T23:02:15.624Z',
    status: 'pending'
  }
}
2026-04-29T23:02:51.634Z #96: SUCCESS - HTTP 200
Response: {
  success: true,
  ride: {
    id: 96,
    student_id: 'test-student-96',
    pickup_location: 'Pickup 96',
    pickup_lat: 21.5185,
    pickup_lng: 39.9222,
    destination_location: 'Destination 96',
    destination_lat: 21.526,
    destination_lng: 39.925999999999995,
    passengers: 1,
    fare: 101,
    requested_at: '2026-04-29T23:02:51.633Z',
    status: 'pending'
  }
}
2026-04-29T23:03:27.643Z #97: SUCCESS - HTTP 200
Response: {
  success: true,
  ride: {
    id: 97,
    student_id: 'test-student-97',
    pickup_location: 'Pickup 97',
    pickup_lat: 21.5195,
    pickup_lng: 39.9232,
    destination_location: 'Destination 97',
    destination_lat: 21.527,
    destination_lng: 39.927,
    passengers: 1,
    fare: 102,
    requested_at: '2026-04-29T23:03:27.642Z',
    status: 'pending'
  }
}
2026-04-29T23:04:03.650Z #98: SUCCESS - HTTP 200
Response: {
  success: true,
  ride: {
    id: 98,
    student_id: 'test-student-98',
    pickup_location: 'Pickup 98',
    pickup_lat: 21.5205,
    pickup_lng: 39.9242,
    destination_location: 'Destination 98',
    destination_lat: 21.528,
    destination_lng: 39.928,
    passengers: 1,
    fare: 103,
    requested_at: '2026-04-29T23:04:03.649Z',
    status: 'pending'
  }
}
2026-04-29T23:04:39.659Z #99: SUCCESS - HTTP 200
Response: {
  success: true,
  ride: {
    id: 99,
    student_id: 'test-student-99',
    pickup_location: 'Pickup 99',
    pickup_lat: 21.5215,
    pickup_lng: 39.9252,
    destination_location: 'Destination 99',
    destination_lat: 21.529,
    destination_lng: 39.928999999999995,
    passengers: 1,
    fare: 104,
    requested_at: '2026-04-29T23:04:39.658Z',
    status: 'pending'
  }
}
2026-04-29T23:05:15.668Z #100: SUCCESS - HTTP 200
Response: {
  success: true,
  ride: {
    id: 100,
    student_id: 'test-student-100',
    pickup_location: 'Pickup 100',
    pickup_lat: 21.5225,
    pickup_lng: 39.9262,
    destination_location: 'Destination 100',
    destination_lat: 21.53,
    destination_lng: 39.93,
    passengers: 1,
    fare: 105,
    requested_at: '2026-04-29T23:05:15.666Z',
    status: 'pending'
  }
}
2026-04-29T23:05:51.675Z #101: SUCCESS - HTTP 200
Response: {
  success: true,
  ride: {
    id: 101,
    student_id: 'test-student-101',
    pickup_location: 'Pickup 101',
    pickup_lat: 21.5235,
    pickup_lng: 39.9272,
    destination_location: 'Destination 101',
    destination_lat: 21.531,
    destination_lng: 39.931,
    passengers: 1,
    fare: 106,
    requested_at: '2026-04-29T23:05:51.673Z',
    status: 'pending'
  }
}
2026-04-29T23:06:27.685Z #102: SUCCESS - HTTP 200
Response: {
  success: true,
  ride: {
    id: 102,
    student_id: 'test-student-102',
    pickup_location: 'Pickup 102',
    pickup_lat: 21.5245,
    pickup_lng: 39.9282,
    destination_location: 'Destination 102',
    destination_lat: 21.532,
    destination_lng: 39.931999999999995,
    passengers: 1,
    fare: 107,
    requested_at: '2026-04-29T23:06:27.683Z',
    status: 'pending'
  }
}
2026-04-29T23:07:03.691Z #103: SUCCESS - HTTP 200
Response: {
  success: true,
  ride: {
    id: 103,
    student_id: 'test-student-103',
    pickup_location: 'Pickup 103',
    pickup_lat: 21.5255,
    pickup_lng: 39.9292,
    destination_location: 'Destination 103',
    destination_lat: 21.533,
    destination_lng: 39.933,
    passengers: 1,
    fare: 108,
    requested_at: '2026-04-29T23:07:03.690Z',
    status: 'pending'
  }
}
2026-04-29T23:07:39.699Z #104: SUCCESS - HTTP 200
Response: {
  success: true,
  ride: {
    id: 104,
    student_id: 'test-student-104',
    pickup_location: 'Pickup 104',
    pickup_lat: 21.5265,
    pickup_lng: 39.9302,
    destination_location: 'Destination 104',
    destination_lat: 21.534,
    destination_lng: 39.934,
    passengers: 1,
    fare: 109,
    requested_at: '2026-04-29T23:07:39.697Z',
    status: 'pending'
  }
}
2026-04-29T23:08:15.706Z #105: SUCCESS - HTTP 200
Response: {
  success: true,
  ride: {
    id: 105,
    student_id: 'test-student-105',
    pickup_location: 'Pickup 105',
    pickup_lat: 21.5275,
    pickup_lng: 39.9312,
    destination_location: 'Destination 105',
    destination_lat: 21.535,
    destination_lng: 39.934999999999995,
    passengers: 1,
    fare: 110,
    requested_at: '2026-04-29T23:08:15.704Z',
    status: 'pending'
  }
}
2026-04-29T23:08:51.715Z #106: SUCCESS - HTTP 200
Response: {
  success: true,
  ride: {
    id: 106,
    student_id: 'test-student-106',
    pickup_location: 'Pickup 106',
    pickup_lat: 21.5285,
    pickup_lng: 39.9322,
    destination_location: 'Destination 106',
    destination_lat: 21.536,
    destination_lng: 39.936,
    passengers: 1,
    fare: 111,
    requested_at: '2026-04-29T23:08:51.713Z',
    status: 'pending'
  }
}
2026-04-29T23:09:27.725Z #107: SUCCESS - HTTP 200
Response: {
  success: true,
  ride: {
    id: 107,
    student_id: 'test-student-107',
    pickup_location: 'Pickup 107',
    pickup_lat: 21.5295,
    pickup_lng: 39.9332,
    destination_location: 'Destination 107',
    destination_lat: 21.537,
    destination_lng: 39.937,
    passengers: 1,
    fare: 112,
    requested_at: '2026-04-29T23:09:27.723Z',
    status: 'pending'
  }
}
2026-04-29T23:10:03.734Z #108: SUCCESS - HTTP 200
Response: {
  success: true,
  ride: {
    id: 108,
    student_id: 'test-student-108',
    pickup_location: 'Pickup 108',
    pickup_lat: 21.5305,
    pickup_lng: 39.9342,
    destination_location: 'Destination 108',
    destination_lat: 21.538,
    destination_lng: 39.937999999999995,
    passengers: 1,
    fare: 113,
    requested_at: '2026-04-29T23:10:03.732Z',
    status: 'pending'
  }
}
2026-04-29T23:10:39.743Z #109: SUCCESS - HTTP 200
Response: {
  success: true,
  ride: {
    id: 109,
    student_id: 'test-student-109',
    pickup_location: 'Pickup 109',
    pickup_lat: 21.5315,
    pickup_lng: 39.9352,
    destination_location: 'Destination 109',
    destination_lat: 21.539,
    destination_lng: 39.939,
    passengers: 1,
    fare: 114,
    requested_at: '2026-04-29T23:10:39.740Z',
    status: 'pending'
  }
}
2026-04-29T23:11:15.750Z #110: SUCCESS - HTTP 200
Response: {
  success: true,
  ride: {
    id: 110,
    student_id: 'test-student-110',
    pickup_location: 'Pickup 110',
    pickup_lat: 21.5325,
    pickup_lng: 39.9362,
    destination_location: 'Destination 110',
    destination_lat: 21.54,
    destination_lng: 39.94,
    passengers: 1,
    fare: 115,
    requested_at: '2026-04-29T23:11:15.749Z',
    status: 'pending'
  }
}
2026-04-29T23:11:51.760Z #111: SUCCESS - HTTP 200
Response: {
  success: true,
  ride: {
    id: 111,
    student_id: 'test-student-111',
    pickup_location: 'Pickup 111',
    pickup_lat: 21.5335,
    pickup_lng: 39.9372,
    destination_location: 'Destination 111',
    destination_lat: 21.541,
    destination_lng: 39.940999999999995,
    passengers: 1,
    fare: 116,
    requested_at: '2026-04-29T23:11:51.758Z',
    status: 'pending'
  }
}
2026-04-29T23:12:27.771Z #112: SUCCESS - HTTP 200
Response: {
  success: true,
  ride: {
    id: 112,
    student_id: 'test-student-112',
    pickup_location: 'Pickup 112',
    pickup_lat: 21.534499999999998,
    pickup_lng: 39.9382,
    destination_location: 'Destination 112',
    destination_lat: 21.541999999999998,
    destination_lng: 39.942,
    passengers: 1,
    fare: 117,
    requested_at: '2026-04-29T23:12:27.768Z',
    status: 'pending'
  }
}
2026-04-29T23:13:03.776Z #113: SUCCESS - HTTP 200
Response: {
  success: true,
  ride: {
    id: 113,
    student_id: 'test-student-113',
    pickup_location: 'Pickup 113',
    pickup_lat: 21.5355,
    pickup_lng: 39.9392,
    destination_location: 'Destination 113',
    destination_lat: 21.543,
    destination_lng: 39.943,
    passengers: 1,
    fare: 118,
    requested_at: '2026-04-29T23:13:03.775Z',
    status: 'pending'
  }
}
2026-04-29T23:13:39.785Z #114: SUCCESS - HTTP 200
Response: {
  success: true,
  ride: {
    id: 114,
    student_id: 'test-student-114',
    pickup_location: 'Pickup 114',
    pickup_lat: 21.5365,
    pickup_lng: 39.9402,
    destination_location: 'Destination 114',
    destination_lat: 21.544,
    destination_lng: 39.943999999999996,
    passengers: 1,
    fare: 119,
    requested_at: '2026-04-29T23:13:39.783Z',
    status: 'pending'
  }
}
2026-04-29T23:14:15.795Z #115: SUCCESS - HTTP 200
Response: {
  success: true,
  ride: {
    id: 115,
    student_id: 'test-student-115',
    pickup_location: 'Pickup 115',
    pickup_lat: 21.537499999999998,
    pickup_lng: 39.9412,
    destination_location: 'Destination 115',
    destination_lat: 21.544999999999998,
    destination_lng: 39.945,
    passengers: 1,
    fare: 120,
    requested_at: '2026-04-29T23:14:15.793Z',
    status: 'pending'
  }
}
2026-04-29T23:14:51.806Z #116: SUCCESS - HTTP 200
Response: {
  success: true,
  ride: {
    id: 116,
    student_id: 'test-student-116',
    pickup_location: 'Pickup 116',
    pickup_lat: 21.5385,
    pickup_lng: 39.9422,
    destination_location: 'Destination 116',
    destination_lat: 21.546,
    destination_lng: 39.946,
    passengers: 1,
    fare: 121,
    requested_at: '2026-04-29T23:14:51.804Z',
    status: 'pending'
  }
}
2026-04-29T23:15:27.815Z #117: SUCCESS - HTTP 200
Response: {
  success: true,
  ride: {
    id: 117,
    student_id: 'test-student-117',
    pickup_location: 'Pickup 117',
    pickup_lat: 21.5395,
    pickup_lng: 39.9432,
    destination_location: 'Destination 117',
    destination_lat: 21.547,
    destination_lng: 39.946999999999996,
    passengers: 1,
    fare: 122,
    requested_at: '2026-04-29T23:15:27.814Z',
    status: 'pending'
  }
}
2026-04-29T23:16:03.824Z #118: SUCCESS - HTTP 200
Response: {
  success: true,
  ride: {
    id: 118,
    student_id: 'test-student-118',
    pickup_location: 'Pickup 118',
    pickup_lat: 21.540499999999998,
    pickup_lng: 39.9442,
    destination_location: 'Destination 118',
    destination_lat: 21.548,
    destination_lng: 39.948,
    passengers: 1,
    fare: 123,
    requested_at: '2026-04-29T23:16:03.822Z',
    status: 'pending'
  }
}
2026-04-29T23:16:39.832Z #119: SUCCESS - HTTP 200
Response: {
  success: true,
  ride: {
    id: 119,
    student_id: 'test-student-119',
    pickup_location: 'Pickup 119',
    pickup_lat: 21.5415,
    pickup_lng: 39.9452,
    destination_location: 'Destination 119',
    destination_lat: 21.549,
    destination_lng: 39.949,
    passengers: 1,
    fare: 124,
    requested_at: '2026-04-29T23:16:39.830Z',
    status: 'pending'
  }
}
2026-04-29T23:17:15.839Z #120: SUCCESS - HTTP 200
Response: {
  success: true,
  ride: {
    id: 120,
    student_id: 'test-student-120',
    pickup_location: 'Pickup 120',
    pickup_lat: 21.5425,
    pickup_lng: 39.9462,
    destination_location: 'Destination 120',
    destination_lat: 21.55,
    destination_lng: 39.949999999999996,
    passengers: 1,
    fare: 125,
    requested_at: '2026-04-29T23:17:15.837Z',
    status: 'pending'
  }
}
2026-04-29T23:17:51.847Z #121: SUCCESS - HTTP 200
Response: {
  success: true,
  ride: {
    id: 121,
    student_id: 'test-student-121',
    pickup_location: 'Pickup 121',
    pickup_lat: 21.543499999999998,
    pickup_lng: 39.9472,
    destination_location: 'Destination 121',
    destination_lat: 21.551,
    destination_lng: 39.951,
    passengers: 1,
    fare: 126,
    requested_at: '2026-04-29T23:17:51.845Z',
    status: 'pending'
  }
}
2026-04-29T23:18:27.857Z #122: SUCCESS - HTTP 200
Response: {
  success: true,
  ride: {
    id: 122,
    student_id: 'test-student-122',
    pickup_location: 'Pickup 122',
    pickup_lat: 21.5445,
    pickup_lng: 39.9482,
    destination_location: 'Destination 122',
    destination_lat: 21.552,
    destination_lng: 39.952,
    passengers: 1,
    fare: 127,
    requested_at: '2026-04-29T23:18:27.855Z',
    status: 'pending'
  }
}
2026-04-29T23:19:03.866Z #123: SUCCESS - HTTP 200
Response: {
  success: true,
  ride: {
    id: 123,
    student_id: 'test-student-123',
    pickup_location: 'Pickup 123',
    pickup_lat: 21.5455,
    pickup_lng: 39.9492,
    destination_location: 'Destination 123',
    destination_lat: 21.553,
    destination_lng: 39.952999999999996,
    passengers: 1,
    fare: 128,
    requested_at: '2026-04-29T23:19:03.864Z',
    status: 'pending'
  }
}
2026-04-29T23:19:39.873Z #124: SUCCESS - HTTP 200
Response: {
  success: true,
  ride: {
    id: 124,
    student_id: 'test-student-124',
    pickup_location: 'Pickup 124',
    pickup_lat: 21.546499999999998,
    pickup_lng: 39.9502,
    destination_location: 'Destination 124',
    destination_lat: 21.554,
    destination_lng: 39.954,
    passengers: 1,
    fare: 129,
    requested_at: '2026-04-29T23:19:39.872Z',
    status: 'pending'
  }
}
2026-04-29T23:20:15.881Z #125: SUCCESS - HTTP 200
Response: {
  success: true,
  ride: {
    id: 125,
    student_id: 'test-student-125',
    pickup_location: 'Pickup 125',
    pickup_lat: 21.5475,
    pickup_lng: 39.9512,
    destination_location: 'Destination 125',
    destination_lat: 21.555,
    destination_lng: 39.955,
    passengers: 1,
    fare: 130,
    requested_at: '2026-04-29T23:20:15.879Z',
    status: 'pending'
  }
}
2026-04-29T23:20:51.890Z #126: SUCCESS - HTTP 200
Response: {
  success: true,
  ride: {
    id: 126,
    student_id: 'test-student-126',
    pickup_location: 'Pickup 126',
    pickup_lat: 21.5485,
    pickup_lng: 39.9522,
    destination_location: 'Destination 126',
    destination_lat: 21.556,
    destination_lng: 39.955999999999996,
    passengers: 1,
    fare: 131,
    requested_at: '2026-04-29T23:20:51.888Z',
    status: 'pending'
  }
}
2026-04-29T23:21:27.898Z #127: SUCCESS - HTTP 200
Response: {
  success: true,
  ride: {
    id: 127,
    student_id: 'test-student-127',
    pickup_location: 'Pickup 127',
    pickup_lat: 21.5495,
    pickup_lng: 39.9532,
    destination_location: 'Destination 127',
    destination_lat: 21.557,
    destination_lng: 39.957,
    passengers: 1,
    fare: 132,
    requested_at: '2026-04-29T23:21:27.897Z',
    status: 'pending'
  }
}
2026-04-29T23:22:03.906Z #128: SUCCESS - HTTP 200
Response: {
  success: true,
  ride: {
    id: 128,
    student_id: 'test-student-128',
    pickup_location: 'Pickup 128',
    pickup_lat: 21.5505,
    pickup_lng: 39.9542,
    destination_location: 'Destination 128',
    destination_lat: 21.558,
    destination_lng: 39.958,
    passengers: 1,
    fare: 133,
    requested_at: '2026-04-29T23:22:03.905Z',
    status: 'pending'
  }
}
2026-04-29T23:22:39.915Z #129: SUCCESS - HTTP 200
Response: {
  success: true,
  ride: {
    id: 129,
    student_id: 'test-student-129',
    pickup_location: 'Pickup 129',
    pickup_lat: 21.5515,
    pickup_lng: 39.9552,
    destination_location: 'Destination 129',
    destination_lat: 21.559,
    destination_lng: 39.958999999999996,
    passengers: 1,
    fare: 134,
    requested_at: '2026-04-29T23:22:39.914Z',
    status: 'pending'
  }
}
2026-04-29T23:23:15.924Z #130: SUCCESS - HTTP 200
Response: {
  success: true,
  ride: {
    id: 130,
    student_id: 'test-student-130',
    pickup_location: 'Pickup 130',
    pickup_lat: 21.5525,
    pickup_lng: 39.9562,
    destination_location: 'Destination 130',
    destination_lat: 21.56,
    destination_lng: 39.96,
    passengers: 1,
    fare: 135,
    requested_at: '2026-04-29T23:23:15.923Z',
    status: 'pending'
  }
}
2026-04-29T23:23:51.932Z #131: SUCCESS - HTTP 200
Response: {
  success: true,
  ride: {
    id: 131,
    student_id: 'test-student-131',
    pickup_location: 'Pickup 131',
    pickup_lat: 21.5535,
    pickup_lng: 39.9572,
    destination_location: 'Destination 131',
    destination_lat: 21.561,
    destination_lng: 39.961,
    passengers: 1,
    fare: 136,
    requested_at: '2026-04-29T23:23:51.930Z',
    status: 'pending'
  }
}
2026-04-29T23:24:27.942Z #132: SUCCESS - HTTP 200
Response: {
  success: true,
  ride: {
    id: 132,
    student_id: 'test-student-132',
    pickup_location: 'Pickup 132',
    pickup_lat: 21.5545,
    pickup_lng: 39.9582,
    destination_location: 'Destination 132',
    destination_lat: 21.562,
    destination_lng: 39.961999999999996,
    passengers: 1,
    fare: 137,
    requested_at: '2026-04-29T23:24:27.940Z',
    status: 'pending'
  }
}
2026-04-29T23:25:03.948Z #133: SUCCESS - HTTP 200
Response: {
  success: true,
  ride: {
    id: 133,
    student_id: 'test-student-133',
    pickup_location: 'Pickup 133',
    pickup_lat: 21.5555,
    pickup_lng: 39.9592,
    destination_location: 'Destination 133',
    destination_lat: 21.563,
    destination_lng: 39.963,
    passengers: 1,
    fare: 138,
    requested_at: '2026-04-29T23:25:03.946Z',
    status: 'pending'
  }
}
2026-04-29T23:25:39.955Z #134: SUCCESS - HTTP 200
Response: {
  success: true,
  ride: {
    id: 134,
    student_id: 'test-student-134',
    pickup_location: 'Pickup 134',
    pickup_lat: 21.5565,
    pickup_lng: 39.9602,
    destination_location: 'Destination 134',
    destination_lat: 21.564,
    destination_lng: 39.964,
    passengers: 1,
    fare: 139,
    requested_at: '2026-04-29T23:25:39.954Z',
    status: 'pending'
  }
}
2026-04-29T23:26:15.963Z #135: SUCCESS - HTTP 200
Response: {
  success: true,
  ride: {
    id: 135,
    student_id: 'test-student-135',
    pickup_location: 'Pickup 135',
    pickup_lat: 21.5575,
    pickup_lng: 39.9612,
    destination_location: 'Destination 135',
    destination_lat: 21.565,
    destination_lng: 39.964999999999996,
    passengers: 1,
    fare: 140,
    requested_at: '2026-04-29T23:26:15.961Z',
    status: 'pending'
  }
}
2026-04-29T23:26:51.972Z #136: SUCCESS - HTTP 200
Response: {
  success: true,
  ride: {
    id: 136,
    student_id: 'test-student-136',
    pickup_location: 'Pickup 136',
    pickup_lat: 21.5585,
    pickup_lng: 39.9622,
    destination_location: 'Destination 136',
    destination_lat: 21.566,
    destination_lng: 39.966,
    passengers: 1,
    fare: 141,
    requested_at: '2026-04-29T23:26:51.970Z',
    status: 'pending'
  }
}
2026-04-29T23:27:27.979Z #137: SUCCESS - HTTP 200
Response: {
  success: true,
  ride: {
    id: 137,
    student_id: 'test-student-137',
    pickup_location: 'Pickup 137',
    pickup_lat: 21.5595,
    pickup_lng: 39.9632,
    destination_location: 'Destination 137',
    destination_lat: 21.567,
    destination_lng: 39.967,
    passengers: 1,
    fare: 142,
    requested_at: '2026-04-29T23:27:27.977Z',
    status: 'pending'
  }
}
2026-04-29T23:28:03.986Z #138: SUCCESS - HTTP 200
Response: {
  success: true,
  ride: {
    id: 138,
    student_id: 'test-student-138',
    pickup_location: 'Pickup 138',
    pickup_lat: 21.5605,
    pickup_lng: 39.9642,
    destination_location: 'Destination 138',
    destination_lat: 21.568,
    destination_lng: 39.967999999999996,
    passengers: 1,
    fare: 143,
    requested_at: '2026-04-29T23:28:03.985Z',
    status: 'pending'
  }
}
2026-04-29T23:28:39.995Z #139: SUCCESS - HTTP 200
Response: {
  success: true,
  ride: {
    id: 139,
    student_id: 'test-student-139',
    pickup_location: 'Pickup 139',
    pickup_lat: 21.5615,
    pickup_lng: 39.9652,
    destination_location: 'Destination 139',
    destination_lat: 21.569,
    destination_lng: 39.969,
    passengers: 1,
    fare: 144,
    requested_at: '2026-04-29T23:28:39.994Z',
    status: 'pending'
  }
}
2026-04-29T23:29:16.004Z #140: SUCCESS - HTTP 200
Response: {
  success: true,
  ride: {
    id: 140,
    student_id: 'test-student-140',
    pickup_location: 'Pickup 140',
    pickup_lat: 21.5625,
    pickup_lng: 39.9662,
    destination_location: 'Destination 140',
    destination_lat: 21.57,
    destination_lng: 39.97,
    passengers: 1,
    fare: 145,
    requested_at: '2026-04-29T23:29:16.003Z',
    status: 'pending'
  }
}
2026-04-29T23:29:52.011Z #141: SUCCESS - HTTP 200
Response: {
  success: true,
  ride: {
    id: 141,
    student_id: 'test-student-141',
    pickup_location: 'Pickup 141',
    pickup_lat: 21.563499999999998,
    pickup_lng: 39.9672,
    destination_location: 'Destination 141',
    destination_lat: 21.570999999999998,
    destination_lng: 39.971,
    passengers: 1,
    fare: 146,
    requested_at: '2026-04-29T23:29:52.009Z',
    status: 'pending'
  }
}
2026-04-29T23:30:28.018Z #142: SUCCESS - HTTP 200
Response: {
  success: true,
  ride: {
    id: 142,
    student_id: 'test-student-142',
    pickup_location: 'Pickup 142',
    pickup_lat: 21.5645,
    pickup_lng: 39.9682,
    destination_location: 'Destination 142',
    destination_lat: 21.572,
    destination_lng: 39.972,
    passengers: 1,
    fare: 147,
    requested_at: '2026-04-29T23:30:28.016Z',
    status: 'pending'
  }
}
2026-04-29T23:31:04.032Z #143: SUCCESS - HTTP 200
Response: {
  success: true,
  ride: {
    id: 143,
    student_id: 'test-student-143',
    pickup_location: 'Pickup 143',
    pickup_lat: 21.5655,
    pickup_lng: 39.9692,
    destination_location: 'Destination 143',
    destination_lat: 21.573,
    destination_lng: 39.973,
    passengers: 1,
    fare: 148,
    requested_at: '2026-04-29T23:31:04.025Z',
    status: 'pending'
  }
}
2026-04-29T23:31:40.040Z #144: SUCCESS - HTTP 200
Response: {
  success: true,
  ride: {
    id: 144,
    student_id: 'test-student-144',
    pickup_location: 'Pickup 144',
    pickup_lat: 21.566499999999998,
    pickup_lng: 39.9702,
    destination_location: 'Destination 144',
    destination_lat: 21.573999999999998,
    destination_lng: 39.974,
    passengers: 1,
    fare: 149,
    requested_at: '2026-04-29T23:31:40.038Z',
    status: 'pending'
  }
}
2026-04-29T23:32:16.046Z #145: SUCCESS - HTTP 200
Response: {
  success: true,
  ride: {
    id: 145,
    student_id: 'test-student-145',
    pickup_location: 'Pickup 145',
    pickup_lat: 21.5675,
    pickup_lng: 39.9712,
    destination_location: 'Destination 145',
    destination_lat: 21.575,
    destination_lng: 39.975,
    passengers: 1,
    fare: 150,
    requested_at: '2026-04-29T23:32:16.045Z',
    status: 'pending'
  }
}
2026-04-29T23:32:52.054Z #146: SUCCESS - HTTP 200
Response: {
  success: true,
  ride: {
    id: 146,
    student_id: 'test-student-146',
    pickup_location: 'Pickup 146',
    pickup_lat: 21.5685,
    pickup_lng: 39.9722,
    destination_location: 'Destination 146',
    destination_lat: 21.576,
    destination_lng: 39.976,
    passengers: 1,
    fare: 151,
    requested_at: '2026-04-29T23:32:52.052Z',
    status: 'pending'
  }
}
2026-04-29T23:33:28.060Z #147: SUCCESS - HTTP 200
Response: {
  success: true,
  ride: {
    id: 147,
    student_id: 'test-student-147',
    pickup_location: 'Pickup 147',
    pickup_lat: 21.569499999999998,
    pickup_lng: 39.9732,
    destination_location: 'Destination 147',
    destination_lat: 21.576999999999998,
    destination_lng: 39.977,
    passengers: 1,
    fare: 152,
    requested_at: '2026-04-29T23:33:28.059Z',
    status: 'pending'
  }
}
2026-04-29T23:34:04.070Z #148: SUCCESS - HTTP 200
Response: {
  success: true,
  ride: {
    id: 148,
    student_id: 'test-student-148',
    pickup_location: 'Pickup 148',
    pickup_lat: 21.5705,
    pickup_lng: 39.9742,
    destination_location: 'Destination 148',
    destination_lat: 21.578,
    destination_lng: 39.978,
    passengers: 1,
    fare: 153,
    requested_at: '2026-04-29T23:34:04.068Z',
    status: 'pending'
  }
}
2026-04-29T23:34:40.079Z #149: SUCCESS - HTTP 200
Response: {
  success: true,
  ride: {
    id: 149,
    student_id: 'test-student-149',
    pickup_location: 'Pickup 149',
    pickup_lat: 21.5715,
    pickup_lng: 39.9752,
    destination_location: 'Destination 149',
    destination_lat: 21.579,
    destination_lng: 39.979,
    passengers: 1,
    fare: 154,
    requested_at: '2026-04-29T23:34:40.077Z',
    status: 'pending'
  }
}
2026-04-29T23:35:16.091Z #150: SUCCESS - HTTP 200
Response: {
  success: true,
  ride: {
    id: 150,
    student_id: 'test-student-150',
    pickup_location: 'Pickup 150',
    pickup_lat: 21.572499999999998,
    pickup_lng: 39.9762,
    destination_location: 'Destination 150',
    destination_lat: 21.58,
    destination_lng: 39.98,
    passengers: 1,
    fare: 155,
    requested_at: '2026-04-29T23:35:16.088Z',
    status: 'pending'
  }
}
2026-04-29T23:35:52.101Z #151: SUCCESS - HTTP 200
Response: {
  success: true,
  ride: {
    id: 151,
    student_id: 'test-student-151',
    pickup_location: 'Pickup 151',
    pickup_lat: 21.5735,
    pickup_lng: 39.9772,
    destination_location: 'Destination 151',
    destination_lat: 21.581,
    destination_lng: 39.981,
    passengers: 1,
    fare: 156,
    requested_at: '2026-04-29T23:35:52.099Z',
    status: 'pending'
  }
}
2026-04-29T23:36:28.108Z #152: SUCCESS - HTTP 200
Response: {
  success: true,
  ride: {
    id: 152,
    student_id: 'test-student-152',
    pickup_location: 'Pickup 152',
    pickup_lat: 21.5745,
    pickup_lng: 39.9782,
    destination_location: 'Destination 152',
    destination_lat: 21.582,
    destination_lng: 39.982,
    passengers: 1,
    fare: 157,
    requested_at: '2026-04-29T23:36:28.107Z',
    status: 'pending'
  }
}
2026-04-29T23:37:04.114Z #153: SUCCESS - HTTP 200
Response: {
  success: true,
  ride: {
    id: 153,
    student_id: 'test-student-153',
    pickup_location: 'Pickup 153',
    pickup_lat: 21.575499999999998,
    pickup_lng: 39.9792,
    destination_location: 'Destination 153',
    destination_lat: 21.583,
    destination_lng: 39.983,
    passengers: 1,
    fare: 158,
    requested_at: '2026-04-29T23:37:04.114Z',
    status: 'pending'
  }
}
2026-04-29T23:37:40.121Z #154: SUCCESS - HTTP 200
Response: {
  success: true,
  ride: {
    id: 154,
    student_id: 'test-student-154',
    pickup_location: 'Pickup 154',
    pickup_lat: 21.5765,
    pickup_lng: 39.9802,
    destination_location: 'Destination 154',
    destination_lat: 21.584,
    destination_lng: 39.984,
    passengers: 1,
    fare: 159,
    requested_at: '2026-04-29T23:37:40.119Z',
    status: 'pending'
  }
}
2026-04-29T23:38:16.130Z #155: SUCCESS - HTTP 200
Response: {
  success: true,
  ride: {
    id: 155,
    student_id: 'test-student-155',
    pickup_location: 'Pickup 155',
    pickup_lat: 21.5775,
    pickup_lng: 39.9812,
    destination_location: 'Destination 155',
    destination_lat: 21.585,
    destination_lng: 39.985,
    passengers: 1,
    fare: 160,
    requested_at: '2026-04-29T23:38:16.129Z',
    status: 'pending'
  }
}
2026-04-29T23:38:52.138Z #156: SUCCESS - HTTP 200
Response: {
  success: true,
  ride: {
    id: 156,
    student_id: 'test-student-156',
    pickup_location: 'Pickup 156',
    pickup_lat: 21.5785,
    pickup_lng: 39.9822,
    destination_location: 'Destination 156',
    destination_lat: 21.586,
    destination_lng: 39.986,
    passengers: 1,
    fare: 161,
    requested_at: '2026-04-29T23:38:52.136Z',
    status: 'pending'
  }
}
2026-04-29T23:39:28.146Z #157: SUCCESS - HTTP 200
Response: {
  success: true,
  ride: {
    id: 157,
    student_id: 'test-student-157',
    pickup_location: 'Pickup 157',
    pickup_lat: 21.5795,
    pickup_lng: 39.9832,
    destination_location: 'Destination 157',
    destination_lat: 21.587,
    destination_lng: 39.986999999999995,
    passengers: 1,
    fare: 162,
    requested_at: '2026-04-29T23:39:28.144Z',
    status: 'pending'
  }
}
2026-04-29T23:40:04.155Z #158: SUCCESS - HTTP 200
Response: {
  success: true,
  ride: {
    id: 158,
    student_id: 'test-student-158',
    pickup_location: 'Pickup 158',
    pickup_lat: 21.5805,
    pickup_lng: 39.9842,
    destination_location: 'Destination 158',
    destination_lat: 21.588,
    destination_lng: 39.988,
    passengers: 1,
    fare: 163,
    requested_at: '2026-04-29T23:40:04.153Z',
    status: 'pending'
  }
}
2026-04-29T23:40:40.163Z #159: SUCCESS - HTTP 200
Response: {
  success: true,
  ride: {
    id: 159,
    student_id: 'test-student-159',
    pickup_location: 'Pickup 159',
    pickup_lat: 21.5815,
    pickup_lng: 39.9852,
    destination_location: 'Destination 159',
    destination_lat: 21.589,
    destination_lng: 39.989,
    passengers: 1,
    fare: 164,
    requested_at: '2026-04-29T23:40:40.161Z',
    status: 'pending'
  }
}
2026-04-29T23:41:16.170Z #160: SUCCESS - HTTP 200
Response: {
  success: true,
  ride: {
    id: 160,
    student_id: 'test-student-160',
    pickup_location: 'Pickup 160',
    pickup_lat: 21.5825,
    pickup_lng: 39.9862,
    destination_location: 'Destination 160',
    destination_lat: 21.59,
    destination_lng: 39.989999999999995,
    passengers: 1,
    fare: 165,
    requested_at: '2026-04-29T23:41:16.168Z',
    status: 'pending'
  }
}
2026-04-29T23:41:52.175Z #161: SUCCESS - HTTP 200
Response: {
  success: true,
  ride: {
    id: 161,
    student_id: 'test-student-161',
    pickup_location: 'Pickup 161',
    pickup_lat: 21.5835,
    pickup_lng: 39.9872,
    destination_location: 'Destination 161',
    destination_lat: 21.591,
    destination_lng: 39.991,
    passengers: 1,
    fare: 166,
    requested_at: '2026-04-29T23:41:52.174Z',
    status: 'pending'
  }
}
2026-04-29T23:42:28.183Z #162: SUCCESS - HTTP 200
Response: {
  success: true,
  ride: {
    id: 162,
    student_id: 'test-student-162',
    pickup_location: 'Pickup 162',
    pickup_lat: 21.5845,
    pickup_lng: 39.9882,
    destination_location: 'Destination 162',
    destination_lat: 21.592,
    destination_lng: 39.992,
    passengers: 1,
    fare: 167,
    requested_at: '2026-04-29T23:42:28.181Z',
    status: 'pending'
  }
}
2026-04-29T23:43:04.191Z #163: SUCCESS - HTTP 200
Response: {
  success: true,
  ride: {
    id: 163,
    student_id: 'test-student-163',
    pickup_location: 'Pickup 163',
    pickup_lat: 21.5855,
    pickup_lng: 39.9892,
    destination_location: 'Destination 163',
    destination_lat: 21.593,
    destination_lng: 39.992999999999995,
    passengers: 1,
    fare: 168,
    requested_at: '2026-04-29T23:43:04.189Z',
    status: 'pending'
  }
}
2026-04-29T23:43:40.200Z #164: SUCCESS - HTTP 200
Response: {
  success: true,
  ride: {
    id: 164,
    student_id: 'test-student-164',
    pickup_location: 'Pickup 164',
    pickup_lat: 21.5865,
    pickup_lng: 39.9902,
    destination_location: 'Destination 164',
    destination_lat: 21.594,
    destination_lng: 39.994,
    passengers: 1,
    fare: 169,
    requested_at: '2026-04-29T23:43:40.198Z',
    status: 'pending'
  }
}
2026-04-29T23:44:16.207Z #165: SUCCESS - HTTP 200
Response: {
  success: true,
  ride: {
    id: 165,
    student_id: 'test-student-165',
    pickup_location: 'Pickup 165',
    pickup_lat: 21.5875,
    pickup_lng: 39.9912,
    destination_location: 'Destination 165',
    destination_lat: 21.595,
    destination_lng: 39.995,
    passengers: 1,
    fare: 170,
    requested_at: '2026-04-29T23:44:16.205Z',
    status: 'pending'
  }
}
2026-04-29T23:44:52.213Z #166: SUCCESS - HTTP 200
Response: {
  success: true,
  ride: {
    id: 166,
    student_id: 'test-student-166',
    pickup_location: 'Pickup 166',
    pickup_lat: 21.5885,
    pickup_lng: 39.9922,
    destination_location: 'Destination 166',
    destination_lat: 21.596,
    destination_lng: 39.995999999999995,
    passengers: 1,
    fare: 171,
    requested_at: '2026-04-29T23:44:52.212Z',
    status: 'pending'
  }
}
2026-04-29T23:45:28.222Z #167: SUCCESS - HTTP 200
Response: {
  success: true,
  ride: {
    id: 167,
    student_id: 'test-student-167',
    pickup_location: 'Pickup 167',
    pickup_lat: 21.5895,
    pickup_lng: 39.9932,
    destination_location: 'Destination 167',
    destination_lat: 21.597,
    destination_lng: 39.997,
    passengers: 1,
    fare: 172,
    requested_at: '2026-04-29T23:45:28.220Z',
    status: 'pending'
  }
}
2026-04-29T23:46:04.239Z #168: SUCCESS - HTTP 200
Response: {
  success: true,
  ride: {
    id: 168,
    student_id: 'test-student-168',
    pickup_location: 'Pickup 168',
    pickup_lat: 21.5905,
    pickup_lng: 39.9942,
    destination_location: 'Destination 168',
    destination_lat: 21.598,
    destination_lng: 39.998,
    passengers: 1,
    fare: 173,
    requested_at: '2026-04-29T23:46:04.237Z',
    status: 'pending'
  }
}
2026-04-29T23:46:40.248Z #169: SUCCESS - HTTP 200
Response: {
  success: true,
  ride: {
    id: 169,
    student_id: 'test-student-169',
    pickup_location: 'Pickup 169',
    pickup_lat: 21.5915,
    pickup_lng: 39.9952,
    destination_location: 'Destination 169',
    destination_lat: 21.599,
    destination_lng: 39.998999999999995,
    passengers: 1,
    fare: 174,
    requested_at: '2026-04-29T23:46:40.246Z',
    status: 'pending'
  }
}
2026-04-29T23:47:16.315Z #170: SUCCESS - HTTP 200
Response: {
  success: true,
  ride: {
    id: 170,
    student_id: 'test-student-170',
    pickup_location: 'Pickup 170',
    pickup_lat: 21.5925,
    pickup_lng: 39.9962,
    destination_location: 'Destination 170',
    destination_lat: 21.6,
    destination_lng: 40,
    passengers: 1,
    fare: 175,
    requested_at: '2026-04-29T23:47:16.307Z',
    status: 'pending'
  }
}
2026-04-29T23:47:52.329Z #171: SUCCESS - HTTP 200
Response: {
  success: true,
  ride: {
    id: 171,
    student_id: 'test-student-171',
    pickup_location: 'Pickup 171',
    pickup_lat: 21.5935,
    pickup_lng: 39.9972,
    destination_location: 'Destination 171',
    destination_lat: 21.601,
    destination_lng: 40.001,
    passengers: 1,
    fare: 176,
    requested_at: '2026-04-29T23:47:52.327Z',
    status: 'pending'
  }
}
2026-04-29T23:48:28.334Z #172: SUCCESS - HTTP 200
Response: {
  success: true,
  ride: {
    id: 172,
    student_id: 'test-student-172',
    pickup_location: 'Pickup 172',
    pickup_lat: 21.5945,
    pickup_lng: 39.9982,
    destination_location: 'Destination 172',
    destination_lat: 21.602,
    destination_lng: 40.001999999999995,
    passengers: 1,
    fare: 177,
    requested_at: '2026-04-29T23:48:28.332Z',
    status: 'pending'
  }
}
2026-04-29T23:49:04.365Z #173: SUCCESS - HTTP 200
Response: {
  success: true,
  ride: {
    id: 173,
    student_id: 'test-student-173',
    pickup_location: 'Pickup 173',
    pickup_lat: 21.595499999999998,
    pickup_lng: 39.9992,
    destination_location: 'Destination 173',
    destination_lat: 21.602999999999998,
    destination_lng: 40.003,
    passengers: 1,
    fare: 178,
    requested_at: '2026-04-29T23:49:04.361Z',
    status: 'pending'
  }
}
2026-04-29T23:49:40.374Z #174: SUCCESS - HTTP 200
Response: {
  success: true,
  ride: {
    id: 174,
    student_id: 'test-student-174',
    pickup_location: 'Pickup 174',
    pickup_lat: 21.5965,
    pickup_lng: 40.0002,
    destination_location: 'Destination 174',
    destination_lat: 21.604,
    destination_lng: 40.004,
    passengers: 1,
    fare: 179,
    requested_at: '2026-04-29T23:49:40.372Z',
    status: 'pending'
  }
}
2026-04-29T23:50:16.384Z #175: SUCCESS - HTTP 200
Response: {
  success: true,
  ride: {
    id: 175,
    student_id: 'test-student-175',
    pickup_location: 'Pickup 175',
    pickup_lat: 21.5975,
    pickup_lng: 40.0012,
    destination_location: 'Destination 175',
    destination_lat: 21.605,
    destination_lng: 40.004999999999995,
    passengers: 1,
    fare: 180,
    requested_at: '2026-04-29T23:50:16.382Z',
    status: 'pending'
  }
}
2026-04-29T23:50:52.393Z #176: SUCCESS - HTTP 200
Response: {
  success: true,
  ride: {
    id: 176,
    student_id: 'test-student-176',
    pickup_location: 'Pickup 176',
    pickup_lat: 21.598499999999998,
    pickup_lng: 40.0022,
    destination_location: 'Destination 176',
    destination_lat: 21.605999999999998,
    destination_lng: 40.006,
    passengers: 1,
    fare: 181,
    requested_at: '2026-04-29T23:50:52.391Z',
    status: 'pending'
  }
}
2026-04-29T23:51:28.402Z #177: SUCCESS - HTTP 200
Response: {
  success: true,
  ride: {
    id: 177,
    student_id: 'test-student-177',
    pickup_location: 'Pickup 177',
    pickup_lat: 21.5995,
    pickup_lng: 40.0032,
    destination_location: 'Destination 177',
    destination_lat: 21.607,
    destination_lng: 40.007,
    passengers: 1,
    fare: 182,
    requested_at: '2026-04-29T23:51:28.400Z',
    status: 'pending'
  }
}
2026-04-29T23:52:04.439Z #178: SUCCESS - HTTP 200
Response: {
  success: true,
  ride: {
    id: 178,
    student_id: 'test-student-178',
    pickup_location: 'Pickup 178',
    pickup_lat: 21.6005,
    pickup_lng: 40.0042,
    destination_location: 'Destination 178',
    destination_lat: 21.608,
    destination_lng: 40.007999999999996,
    passengers: 1,
    fare: 183,
    requested_at: '2026-04-29T23:52:04.435Z',
    status: 'pending'
  }
}
2026-04-29T23:52:40.457Z #179: SUCCESS - HTTP 200
Response: {
  success: true,
  ride: {
    id: 179,
    student_id: 'test-student-179',
    pickup_location: 'Pickup 179',
    pickup_lat: 21.601499999999998,
    pickup_lng: 40.0052,
    destination_location: 'Destination 179',
    destination_lat: 21.608999999999998,
    destination_lng: 40.009,
    passengers: 1,
    fare: 184,
    requested_at: '2026-04-29T23:52:40.455Z',
    status: 'pending'
  }
}
2026-04-29T23:53:16.466Z #180: SUCCESS - HTTP 200
Response: {
  success: true,
  ride: {
    id: 180,
    student_id: 'test-student-180',
    pickup_location: 'Pickup 180',
    pickup_lat: 21.6025,
    pickup_lng: 40.0062,
    destination_location: 'Destination 180',
    destination_lat: 21.61,
    destination_lng: 40.01,
    passengers: 1,
    fare: 185,
    requested_at: '2026-04-29T23:53:16.464Z',
    status: 'pending'
  }
}
2026-04-29T23:53:52.471Z #181: SUCCESS - HTTP 200
Response: {
  success: true,
  ride: {
    id: 181,
    student_id: 'test-student-181',
    pickup_location: 'Pickup 181',
    pickup_lat: 21.6035,
    pickup_lng: 40.0072,
    destination_location: 'Destination 181',
    destination_lat: 21.611,
    destination_lng: 40.010999999999996,
    passengers: 1,
    fare: 186,
    requested_at: '2026-04-29T23:53:52.470Z',
    status: 'pending'
  }
}
2026-04-29T23:54:28.478Z #182: SUCCESS - HTTP 200
Response: {
  success: true,
  ride: {
    id: 182,
    student_id: 'test-student-182',
    pickup_location: 'Pickup 182',
    pickup_lat: 21.604499999999998,
    pickup_lng: 40.0082,
    destination_location: 'Destination 182',
    destination_lat: 21.612,
    destination_lng: 40.012,
    passengers: 1,
    fare: 187,
    requested_at: '2026-04-29T23:54:28.477Z',
    status: 'pending'
  }
}
2026-04-29T23:55:04.488Z #183: SUCCESS - HTTP 200
Response: {
  success: true,
  ride: {
    id: 183,
    student_id: 'test-student-183',
    pickup_location: 'Pickup 183',
    pickup_lat: 21.6055,
    pickup_lng: 40.0092,
    destination_location: 'Destination 183',
    destination_lat: 21.613,
    destination_lng: 40.013,
    passengers: 1,
    fare: 188,
    requested_at: '2026-04-29T23:55:04.486Z',
    status: 'pending'
  }
}
2026-04-29T23:55:40.497Z #184: SUCCESS - HTTP 200
Response: {
  success: true,
  ride: {
    id: 184,
    student_id: 'test-student-184',
    pickup_location: 'Pickup 184',
    pickup_lat: 21.6065,
    pickup_lng: 40.0102,
    destination_location: 'Destination 184',
    destination_lat: 21.614,
    destination_lng: 40.013999999999996,
    passengers: 1,
    fare: 189,
    requested_at: '2026-04-29T23:55:40.495Z',
    status: 'pending'
  }
}
2026-04-29T23:56:16.509Z #185: SUCCESS - HTTP 200
Response: {
  success: true,
  ride: {
    id: 185,
    student_id: 'test-student-185',
    pickup_location: 'Pickup 185',
    pickup_lat: 21.607499999999998,
    pickup_lng: 40.0112,
    destination_location: 'Destination 185',
    destination_lat: 21.615,
    destination_lng: 40.015,
    passengers: 1,
    fare: 190,
    requested_at: '2026-04-29T23:56:16.507Z',
    status: 'pending'
  }
}
2026-04-29T23:56:52.518Z #186: SUCCESS - HTTP 200
Response: {
  success: true,
  ride: {
    id: 186,
    student_id: 'test-student-186',
    pickup_location: 'Pickup 186',
    pickup_lat: 21.6085,
    pickup_lng: 40.0122,
    destination_location: 'Destination 186',
    destination_lat: 21.616,
    destination_lng: 40.016,
    passengers: 1,
    fare: 191,
    requested_at: '2026-04-29T23:56:52.516Z',
    status: 'pending'
  }
}
2026-04-29T23:57:28.526Z #187: SUCCESS - HTTP 200
Response: {
  success: true,
  ride: {
    id: 187,
    student_id: 'test-student-187',
    pickup_location: 'Pickup 187',
    pickup_lat: 21.6095,
    pickup_lng: 40.0132,
    destination_location: 'Destination 187',
    destination_lat: 21.617,
    destination_lng: 40.016999999999996,
    passengers: 1,
    fare: 192,
    requested_at: '2026-04-29T23:57:28.523Z',
    status: 'pending'
  }
}
2026-04-29T23:58:04.541Z #188: SUCCESS - HTTP 200
Response: {
  success: true,
  ride: {
    id: 188,
    student_id: 'test-student-188',
    pickup_location: 'Pickup 188',
    pickup_lat: 21.6105,
    pickup_lng: 40.0142,
    destination_location: 'Destination 188',
    destination_lat: 21.618,
    destination_lng: 40.018,
    passengers: 1,
    fare: 193,
    requested_at: '2026-04-29T23:58:04.540Z',
    status: 'pending'
  }
}
2026-04-29T23:58:40.551Z #189: SUCCESS - HTTP 200
Response: {
  success: true,
  ride: {
    id: 189,
    student_id: 'test-student-189',
    pickup_location: 'Pickup 189',
    pickup_lat: 21.6115,
    pickup_lng: 40.0152,
    destination_location: 'Destination 189',
    destination_lat: 21.619,
    destination_lng: 40.019,
    passengers: 1,
    fare: 194,
    requested_at: '2026-04-29T23:58:40.547Z',
    status: 'pending'
  }
}
2026-04-29T23:59:16.560Z #190: SUCCESS - HTTP 200
Response: {
  success: true,
  ride: {
    id: 190,
    student_id: 'test-student-190',
    pickup_location: 'Pickup 190',
    pickup_lat: 21.6125,
    pickup_lng: 40.0162,
    destination_location: 'Destination 190',
    destination_lat: 21.62,
    destination_lng: 40.019999999999996,
    passengers: 1,
    fare: 195,
    requested_at: '2026-04-29T23:59:16.556Z',
    status: 'pending'
  }
}
2026-04-29T23:59:52.572Z #191: SUCCESS - HTTP 200
Response: {
  success: true,
  ride: {
    id: 191,
    student_id: 'test-student-191',
    pickup_location: 'Pickup 191',
    pickup_lat: 21.6135,
    pickup_lng: 40.0172,
    destination_location: 'Destination 191',
    destination_lat: 21.621,
    destination_lng: 40.021,
    passengers: 1,
    fare: 196,
    requested_at: '2026-04-29T23:59:52.570Z',
    status: 'pending'
  }
}
2026-04-30T00:00:28.584Z #192: SUCCESS - HTTP 200
Response: {
  success: true,
  ride: {
    id: 192,
    student_id: 'test-student-192',
    pickup_location: 'Pickup 192',
    pickup_lat: 21.6145,
    pickup_lng: 40.0182,
    destination_location: 'Destination 192',
    destination_lat: 21.622,
    destination_lng: 40.022,
    passengers: 1,
    fare: 197,
    requested_at: '2026-04-30T00:00:28.582Z',
    status: 'pending'
  }
}
2026-04-30T00:01:04.592Z #193: SUCCESS - HTTP 200
Response: {
  success: true,
  ride: {
    id: 193,
    student_id: 'test-student-193',
    pickup_location: 'Pickup 193',
    pickup_lat: 21.6155,
    pickup_lng: 40.0192,
    destination_location: 'Destination 193',
    destination_lat: 21.623,
    destination_lng: 40.022999999999996,
    passengers: 1,
    fare: 198,
    requested_at: '2026-04-30T00:01:04.589Z',
    status: 'pending'
  }
}
2026-04-30T00:01:40.598Z #194: SUCCESS - HTTP 200
Response: {
  success: true,
  ride: {
    id: 194,
    student_id: 'test-student-194',
    pickup_location: 'Pickup 194',
    pickup_lat: 21.6165,
    pickup_lng: 40.0202,
    destination_location: 'Destination 194',
    destination_lat: 21.624,
    destination_lng: 40.024,
    passengers: 1,
    fare: 199,
    requested_at: '2026-04-30T00:01:40.597Z',
    status: 'pending'
  }
}
2026-04-30T00:02:16.661Z #195: SUCCESS - HTTP 200
Response: {
  success: true,
  ride: {
    id: 195,
    student_id: 'test-student-195',
    pickup_location: 'Pickup 195',
    pickup_lat: 21.6175,
    pickup_lng: 40.0212,
    destination_location: 'Destination 195',
    destination_lat: 21.625,
    destination_lng: 40.025,
    passengers: 1,
    fare: 200,
    requested_at: '2026-04-30T00:02:16.659Z',
    status: 'pending'
  }
}
2026-04-30T00:02:52.667Z #196: SUCCESS - HTTP 200
Response: {
  success: true,
  ride: {
    id: 196,
    student_id: 'test-student-196',
    pickup_location: 'Pickup 196',
    pickup_lat: 21.6185,
    pickup_lng: 40.0222,
    destination_location: 'Destination 196',
    destination_lat: 21.626,
    destination_lng: 40.025999999999996,
    passengers: 1,
    fare: 201,
    requested_at: '2026-04-30T00:02:52.666Z',
    status: 'pending'
  }
}
2026-04-30T00:03:28.685Z #197: SUCCESS - HTTP 200
Response: {
  success: true,
  ride: {
    id: 197,
    student_id: 'test-student-197',
    pickup_location: 'Pickup 197',
    pickup_lat: 21.6195,
    pickup_lng: 40.0232,
    destination_location: 'Destination 197',
    destination_lat: 21.627,
    destination_lng: 40.027,
    passengers: 1,
    fare: 202,
    requested_at: '2026-04-30T00:03:28.684Z',
    status: 'pending'
  }
}
2026-04-30T00:04:04.690Z #198: SUCCESS - HTTP 200
Response: {
  success: true,
  ride: {
    id: 198,
    student_id: 'test-student-198',
    pickup_location: 'Pickup 198',
    pickup_lat: 21.6205,
    pickup_lng: 40.0242,
    destination_location: 'Destination 198',
    destination_lat: 21.628,
    destination_lng: 40.028,
    passengers: 1,
    fare: 203,
    requested_at: '2026-04-30T00:04:04.689Z',
    status: 'pending'
  }
}
2026-04-30T00:04:40.697Z #199: SUCCESS - HTTP 200
Response: {
  success: true,
  ride: {
    id: 199,
    student_id: 'test-student-199',
    pickup_location: 'Pickup 199',
    pickup_lat: 21.6215,
    pickup_lng: 40.0252,
    destination_location: 'Destination 199',
    destination_lat: 21.629,
    destination_lng: 40.028999999999996,
    passengers: 1,
    fare: 204,
    requested_at: '2026-04-30T00:04:40.695Z',
    status: 'pending'
  }
}
2026-04-30T00:05:16.748Z #200: SUCCESS - HTTP 200
Response: {
  success: true,
  ride: {
    id: 200,
    student_id: 'test-student-200',
    pickup_location: 'Pickup 200',
    pickup_lat: 21.6225,
    pickup_lng: 40.0262,
    destination_location: 'Destination 200',
    destination_lat: 21.63,
    destination_lng: 40.03,
    passengers: 1,
    fare: 205,
    requested_at: '2026-04-30T00:05:16.744Z',
    status: 'pending'
  }
}

=== Summary ===
Total requests: 200
Successes: 200
Failures (HTTP non-2xx): 0
Errors (network/exception): 0

--- Timing Details ---
Run start: 2026-04-29T22:05:50.410Z
Run end:   2026-04-30T00:05:16.748Z
Configured per-request delay: 36 s (199 gaps)
Measured total time: 1:59:26.338 (7166.338 s)
Expected from delays only: 199 × 36 = 7164 s (1:59:24.000)
Observed overhead (processing/latency): 2.338 s










